Archive member included to satisfy reference by file (symbol)

/home/carmine/MaximSDK/Libraries/PeriphDrivers/bin/MAX78000/softfp/libPeriphDriver_softfp.a(mxc_delay.o)
                              /home/carmine/Downloads/People_Presence/People_Presence/People_Presence_Max78K/build/main.o (MXC_Delay)
/home/carmine/MaximSDK/Libraries/PeriphDrivers/bin/MAX78000/softfp/libPeriphDriver_softfp.a(pins_ai85.o)
                              /home/carmine/Downloads/People_Presence/People_Presence/People_Presence_Max78K/build/camera.o (gpio_cfg_pcif_xclk)
/home/carmine/MaximSDK/Libraries/PeriphDrivers/bin/MAX78000/softfp/libPeriphDriver_softfp.a(sys_ai85.o)
                              /home/carmine/Downloads/People_Presence/People_Presence/People_Presence_Max78K/build/cnn.o (MXC_SYS_ClockDisable)
/home/carmine/MaximSDK/Libraries/PeriphDrivers/bin/MAX78000/softfp/libPeriphDriver_softfp.a(nvic_table.o)
                              /home/carmine/Downloads/People_Presence/People_Presence/People_Presence_Max78K/build/cnn.o (MXC_NVIC_SetVector)
/home/carmine/MaximSDK/Libraries/PeriphDrivers/bin/MAX78000/softfp/libPeriphDriver_softfp.a(cameraif_ai85.o)
                              /home/carmine/Downloads/People_Presence/People_Presence/People_Presence_Max78K/build/camera.o (MXC_PCIF_Init)
/home/carmine/MaximSDK/Libraries/PeriphDrivers/bin/MAX78000/softfp/libPeriphDriver_softfp.a(cameraif_reva.o)
                              /home/carmine/MaximSDK/Libraries/PeriphDrivers/bin/MAX78000/softfp/libPeriphDriver_softfp.a(cameraif_ai85.o) (MXC_PCIF_RevA_SetDatawidth)
/home/carmine/MaximSDK/Libraries/PeriphDrivers/bin/MAX78000/softfp/libPeriphDriver_softfp.a(dma_me17.o)
                              /home/carmine/Downloads/People_Presence/People_Presence/People_Presence_Max78K/build/main.o (MXC_DMA_Init)
/home/carmine/MaximSDK/Libraries/PeriphDrivers/bin/MAX78000/softfp/libPeriphDriver_softfp.a(dma_reva.o)
                              /home/carmine/MaximSDK/Libraries/PeriphDrivers/bin/MAX78000/softfp/libPeriphDriver_softfp.a(dma_me17.o) (MXC_DMA_RevA_Init)
/home/carmine/MaximSDK/Libraries/PeriphDrivers/bin/MAX78000/softfp/libPeriphDriver_softfp.a(flc_me17.o)
                              /home/carmine/MaximSDK/Libraries/PeriphDrivers/bin/MAX78000/softfp/libPeriphDriver_softfp.a(sys_ai85.o) (MXC_FLC_UnlockInfoBlock)
/home/carmine/MaximSDK/Libraries/PeriphDrivers/bin/MAX78000/softfp/libPeriphDriver_softfp.a(flc_reva.o)
                              /home/carmine/MaximSDK/Libraries/PeriphDrivers/bin/MAX78000/softfp/libPeriphDriver_softfp.a(flc_me17.o) (MXC_FLC_RevA_Busy)
/home/carmine/MaximSDK/Libraries/PeriphDrivers/bin/MAX78000/softfp/libPeriphDriver_softfp.a(gpio_ai85.o)
                              /home/carmine/Downloads/People_Presence/People_Presence/People_Presence_Max78K/build/pb.o (MXC_GPIO_InGet)
/home/carmine/MaximSDK/Libraries/PeriphDrivers/bin/MAX78000/softfp/libPeriphDriver_softfp.a(gpio_reva.o)
                              /home/carmine/MaximSDK/Libraries/PeriphDrivers/bin/MAX78000/softfp/libPeriphDriver_softfp.a(gpio_ai85.o) (MXC_GPIO_RevA_InGet)
/home/carmine/MaximSDK/Libraries/PeriphDrivers/bin/MAX78000/softfp/libPeriphDriver_softfp.a(i2c_me17.o)
                              /home/carmine/Downloads/People_Presence/People_Presence/People_Presence_Max78K/build/max20303.o (MXC_I2C_Init)
/home/carmine/MaximSDK/Libraries/PeriphDrivers/bin/MAX78000/softfp/libPeriphDriver_softfp.a(i2c_reva.o)
                              /home/carmine/MaximSDK/Libraries/PeriphDrivers/bin/MAX78000/softfp/libPeriphDriver_softfp.a(i2c_me17.o) (MXC_I2C_RevA_DMACallback)
/home/carmine/MaximSDK/Libraries/PeriphDrivers/bin/MAX78000/softfp/libPeriphDriver_softfp.a(icc_me17.o)
                              /home/carmine/Downloads/People_Presence/People_Presence/People_Presence_Max78K/build/main.o (MXC_ICC_Enable)
/home/carmine/MaximSDK/Libraries/PeriphDrivers/bin/MAX78000/softfp/libPeriphDriver_softfp.a(icc_reva.o)
                              /home/carmine/MaximSDK/Libraries/PeriphDrivers/bin/MAX78000/softfp/libPeriphDriver_softfp.a(icc_me17.o) (MXC_ICC_RevA_ID)
/home/carmine/MaximSDK/Libraries/PeriphDrivers/bin/MAX78000/softfp/libPeriphDriver_softfp.a(pt_me17.o)
                              /home/carmine/Downloads/People_Presence/People_Presence/People_Presence_Max78K/build/camera.o (MXC_PT_Init)
/home/carmine/MaximSDK/Libraries/PeriphDrivers/bin/MAX78000/softfp/libPeriphDriver_softfp.a(pt_reva.o)
                              /home/carmine/MaximSDK/Libraries/PeriphDrivers/bin/MAX78000/softfp/libPeriphDriver_softfp.a(pt_me17.o) (MXC_PT_RevA_Init)
/home/carmine/MaximSDK/Libraries/PeriphDrivers/bin/MAX78000/softfp/libPeriphDriver_softfp.a(spi_me17.o)
                              /home/carmine/Downloads/People_Presence/People_Presence/People_Presence_Max78K/build/tft_ili9341.o (MXC_SPI_Init)
/home/carmine/MaximSDK/Libraries/PeriphDrivers/bin/MAX78000/softfp/libPeriphDriver_softfp.a(spi_reva.o)
[...]
Memory Configuration

Name             Origin             Length             Attributes
ROM              0x0000000000000000 0x0000000000010000 xr
FLASH            0x0000000010000000 0x0000000000080000 xr
SRAM             0x0000000020000000 0x0000000000020000 xrw
*default*        0x0000000000000000 0xffffffffffffffff

Linker script and memory map

LOAD /home/carmine/MaximSDK/Tools/GNUTools/10.3/bin/../lib/gcc/arm-none-eabi/10.3.1/thumb/v7e-m+fp/softfp/crti.o
LOAD /home/carmine/MaximSDK/Tools/GNUTools/10.3/bin/../lib/gcc/arm-none-eabi/10.3.1/thumb/v7e-m+fp/softfp/crtbegin.o
LOAD /home/carmine/MaximSDK/Tools/GNUTools/10.3/bin/../lib/gcc/arm-none-eabi/10.3.1/../../../../arm-none-eabi/lib/thumb/v7e-m+fp/softfp/crt0.o
LOAD /home/carmine/Downloads/People_Presence/People_Presence/People_Presence_Max78K/build/cnn.o
LOAD /home/carmine/Downloads/People_Presence/People_Presence/People_Presence_Max78K/build/main.o
LOAD /home/carmine/Downloads/People_Presence/People_Presence/People_Presence_Max78K/build/board.o
LOAD /home/carmine/Downloads/People_Presence/People_Presence/People_Presence_Max78K/build/stdio.o
LOAD /home/carmine/Downloads/People_Presence/People_Presence/People_Presence_Max78K/build/led.o
LOAD /home/carmine/Downloads/People_Presence/People_Presence/People_Presence_Max78K/build/pb.o
LOAD /home/carmine/Downloads/People_Presence/People_Presence/People_Presence_Max78K/build/tft_ili9341.o
LOAD /home/carmine/Downloads/People_Presence/People_Presence/People_Presence_Max78K/build/camera.o
LOAD /home/carmine/Downloads/People_Presence/People_Presence/People_Presence_Max78K/build/ov7692.o
LOAD /home/carmine/Downloads/People_Presence/People_Presence/People_Presence_Max78K/build/sccb.o
LOAD /home/carmine/Downloads/People_Presence/People_Presence/People_Presence_Max78K/build/max20303.o
LOAD /home/carmine/Downloads/People_Presence/People_Presence/People_Presence_Max78K/build/max9867.o
LOAD /home/carmine/Downloads/People_Presence/People_Presence/People_Presence_Max78K/build/startup_max78000.o
LOAD /home/carmine/Downloads/People_Presence/People_Presence/People_Presence_Max78K/build/heap.o
LOAD /home/carmine/Downloads/People_Presence/People_Presence/People_Presence_Max78K/build/system_max78000.o
START GROUP
LOAD /home/carmine/MaximSDK/Libraries/PeriphDrivers/bin/MAX78000/softfp/libPeriphDriver_softfp.a
LOAD /home/carmine/MaximSDK/Tools/GNUTools/10.3/bin/../lib/gcc/arm-none-eabi/10.3.1/../../../../arm-none-eabi/lib/thumb/v7e-m+fp/softfp/libc.a
LOAD /home/carmine/MaximSDK/Tools/GNUTools/10.3/bin/../lib/gcc/arm-none-eabi/10.3.1/../../../../arm-none-eabi/lib/thumb/v7e-m+fp/softfp/libm.a
LOAD /home/carmine/MaximSDK/Tools/GNUTools/10.3/bin/../lib/gcc/arm-none-eabi/10.3.1/../../../../arm-none-eabi/lib/thumb/v7e-m+fp/softfp/libnosys.a
END GROUP
START GROUP
LOAD /home/carmine/MaximSDK/Tools/GNUTools/10.3/bin/../lib/gcc/arm-none-eabi/10.3.1/thumb/v7e-m+fp/softfp/libgcc.a
LOAD /home/carmine/MaximSDK/Tools/GNUTools/10.3/bin/../lib/gcc/arm-none-eabi/10.3.1/../../../../arm-none-eabi/lib/thumb/v7e-m+fp/softfp/libc.a
END GROUP
LOAD /home/carmine/MaximSDK/Tools/GNUTools/10.3/bin/../lib/gcc/arm-none-eabi/10.3.1/thumb/v7e-m+fp/softfp/crtend.o
LOAD /home/carmine/MaximSDK/Tools/GNUTools/10.3/bin/../lib/gcc/arm-none-eabi/10.3.1/thumb/v7e-m+fp/softfp/crtn.o

.rom
 *(.rom_vector)
 *(.rom_handlers*)

.text           0x0000000010000000    0x39fe4
                0x0000000010000000                _text = .
 *(.isr_vector)
 .isr_vector    0x0000000010000000      0x1e0 /home/carmine/Downloads/People_Presence/People_Presence/People_Presence_Max78K/build/startup_max78000.o
                0x0000000010000000                __isr_vector
 *(.text*)
 .text          0x00000000100001e0       0x40 /home/carmine/MaximSDK/Tools/GNUTools/10.3/bin/../lib/gcc/arm-none-eabi/10.3.1/thumb/v7e-m+fp/softfp/crtbegin.o
 .text.CNN_ISR  0x0000000010000220       0x58 /home/carmine/Downloads/People_Presence/People_Presence/People_Presence_Max78K/build/cnn.o
                0x0000000010000220                CNN_ISR
 .text.cnn_stop
                0x0000000010000278       0x14 /home/carmine/Downloads/People_Presence/People_Presence/People_Presence_Max78K/build/cnn.o
                0x0000000010000278                cnn_stop
 .text.memcpy32
                0x000000001000028c       0x14 /home/carmine/Downloads/People_Presence/People_Presence/People_Presence_Max78K/build/cnn.o
                0x000000001000028c                memcpy32
 .text.cnn_load_weights
                0x00000000100002a0      0x5a4 /home/carmine/Downloads/People_Presence/People_Presence/People_Presence_Max78K/build/cnn.o
                0x00000000100002a0                cnn_load_weights
 .text.cnn_load_bias
                0x0000000010000844        0x4 /home/carmine/Downloads/People_Presence/People_Presence/People_Presence_Max78K/build/cnn.o
                0x0000000010000844                cnn_load_bias
 .text.cnn_init
                0x0000000010000848       0x44 /home/carmine/Downloads/People_Presence/People_Presence/People_Presence_Max78K/build/cnn.o
                0x0000000010000848                cnn_init
 .text.cnn_configure
                0x000000001000088c      0x980 /home/carmine/Downloads/People_Presence/People_Presence/People_Presence_Max78K/build/cnn.o
                0x000000001000088c                cnn_configure
 .text.cnn_start
                0x000000001000120c       0x44 /home/carmine/Downloads/People_Presence/People_Presence/People_Presence_Max78K/build/cnn.o
                0x000000001000120c                cnn_start
 .text.cnn_unload
                0x0000000010001250      0x5c0 /home/carmine/Downloads/People_Presence/People_Presence/People_Presence_Max78K/build/cnn.o
                0x0000000010001250                cnn_unload
 .text.cnn_enable
                0x0000000010001810       0x3c /home/carmine/Downloads/People_Presence/People_Presence/People_Presence_Max78K/build/cnn.o
                0x0000000010001810                cnn_enable
 .text.load_input
                0x000000001000184c       0x14 /home/carmine/Downloads/People_Presence/People_Presence/People_Presence_Max78K/build/main.o
                0x000000001000184c                load_input
 .text.calculate_result
                0x0000000010001860       0x7c /home/carmine/Downloads/People_Presence/People_Presence/People_Presence_Max78K/build/main.o
                0x0000000010001860                calculate_result
 .text.make_inference
                0x00000000100018dc       0x24 /home/carmine/Downloads/People_Presence/People_Presence/People_Presence_Max78K/build/main.o
                0x00000000100018dc                make_inference
 .text.rgb565_get_value
                0x0000000010001900        0xe /home/carmine/Downloads/People_Presence/People_Presence/People_Presence_Max78K/build/main.o
                0x0000000010001900                rgb565_get_value
 *fill*         0x000000001000190e        0x2 
 .text.rgb565_convert_to_gray
                0x0000000010001910       0x8c /home/carmine/Downloads/People_Presence/People_Presence/People_Presence_Max78K/build/main.o
                0x0000000010001910                rgb565_convert_to_gray
 .text.process_img
                0x000000001000199c       0xa8 /home/carmine/Downloads/People_Presence/People_Presence/People_Presence_Max78K/build/main.o
                0x000000001000199c                process_img
 .text.main     0x0000000010001a44      0x124 /home/carmine/Downloads/People_Presence/People_Presence/People_Presence_Max78K/build/main.o
                0x0000000010001a44                main
 .text.mxc_assert
                0x0000000010001b68       0x10 /home/carmine/Downloads/People_Presence/People_Presence/People_Presence_Max78K/build/board.o
                0x0000000010001b68                mxc_assert
 .text.Console_Init
                0x0000000010001b78       0x18 /home/carmine/Downloads/People_Presence/People_Presence/People_Presence_Max78K/build/board.o
                0x0000000010001b78                Console_Init
 .text.Board_Init
                0x0000000010001b90       0x60 /home/carmine/Downloads/People_Presence/People_Presence/People_Presence_Max78K/build/board.o
                0x0000000010001b90                Board_Init
 .text.NMI_Handler
                0x0000000010001bf0        0x4 /home/carmine/Downloads/People_Presence/People_Presence/People_Presence_Max78K/build/board.o
                0x0000000010001bf0                NMI_Handler
 .text.Camera_Power
                0x0000000010001bf4       0x1c /home/carmine/Downloads/People_Presence/People_Presence/People_Presence_Max78K/build/board.o
                0x0000000010001bf4                Camera_Power
 .text._close   0x0000000010001c10        0x6 /home/carmine/Downloads/People_Presence/People_Presence/People_Presence_Max78K/build/stdio.o
                0x0000000010001c10                _close
 .text._isatty  0x0000000010001c16        0x6 /home/carmine/Downloads/People_Presence/People_Presence/People_Presence_Max78K/build/stdio.o
                0x0000000010001c16                _isatty
 .text._lseek   0x0000000010001c1c        0x6 /home/carmine/Downloads/People_Presence/People_Presence/People_Presence_Max78K/build/stdio.o
                0x0000000010001c1c                _lseek
 .text._fstat   0x0000000010001c22        0x6 /home/carmine/Downloads/People_Presence/People_Presence/People_Presence_Max78K/build/stdio.o
                0x0000000010001c22                _fstat
 .text._read    0x0000000010001c28       0x50 /home/carmine/Downloads/People_Presence/People_Presence/People_Presence_Max78K/build/stdio.o
                0x0000000010001c28                _read
 .text._write   0x0000000010001c78       0x54 /home/carmine/Downloads/People_Presence/People_Presence/People_Presence_Max78K/build/stdio.o
                0x0000000010001c78                _write
 .text.LED_On   0x0000000010001ccc       0x44 /home/carmine/Downloads/People_Presence/People_Presence/People_Presence_Max78K/build/led.o
                0x0000000010001ccc                LED_On
 .text.LED_Off  0x0000000010001d10       0x44 /home/carmine/Downloads/People_Presence/People_Presence/People_Presence_Max78K/build/led.o
                0x0000000010001d10                LED_Off
 .text.LED_Init
                0x0000000010001d54       0x3c /home/carmine/Downloads/People_Presence/People_Presence/People_Presence_Max78K/build/led.o
                0x0000000010001d54                LED_Init
 .text.PB_Init  0x0000000010001d90       0x38 /home/carmine/Downloads/People_Presence/People_Presence/People_Presence_Max78K/build/pb.o
                0x0000000010001d90                PB_Init
 .text.GPIO0_IRQHandler
                0x0000000010001dc8        0xa /home/carmine/Downloads/People_Presence/People_Presence/People_Presence_Max78K/build/pb.o
                0x0000000010001dc8                GPIO0_IRQHandler
 .text.GPIO1_IRQHandler
                0x0000000010001dd2        0xa /home/carmine/Downloads/People_Presence/People_Presence/People_Presence_Max78K/build/pb.o
                0x0000000010001dd2                GPIO1_IRQHandler
 .text.GPIO2_IRQHandler
                0x0000000010001ddc        0xa /home/carmine/Downloads/People_Presence/People_Presence/People_Presence_Max78K/build/pb.o
                0x0000000010001ddc                GPIO2_IRQHandler
 *fill*         0x0000000010001de6        0x2 
 .text.camera_irq_handler
                0x0000000010001de8      0x128 /home/carmine/Downloads/People_Presence/People_Presence/People_Presence_Max78K/build/camera.o
                0x0000000010001de8                camera_irq_handler
 .text.stream_callback
                0x0000000010001f10       0xd8 /home/carmine/Downloads/People_Presence/People_Presence/People_Presence_Max78K/build/camera.o
 .text.setup_dma
                0x0000000010001fe8       0xa8 /home/carmine/Downloads/People_Presence/People_Presence/People_Presence_Max78K/build/camera.o
 .text.stream_irq_handler
                0x0000000010002090        0x8 /home/carmine/Downloads/People_Presence/People_Presence/People_Presence_Max78K/build/camera.o
                0x0000000010002090                stream_irq_handler
 .text.camera_init
                0x0000000010002098      0x130 /home/carmine/Downloads/People_Presence/People_Presence/People_Presence_Max78K/build/camera.o
                0x0000000010002098                camera_init
 .text.camera_setup
                0x00000000100021c8      0x1d0 /home/carmine/Downloads/People_Presence/People_Presence/People_Presence_Max78K/build/camera.o
                0x00000000100021c8                camera_setup
 .text.camera_start_capture_image
                0x0000000010002398       0x40 /home/carmine/Downloads/People_Presence/People_Presence/People_Presence_Max78K/build/camera.o
                0x0000000010002398                camera_start_capture_image
 .text.camera_is_image_rcv
                0x00000000100023d8       0x10 /home/carmine/Downloads/People_Presence/People_Presence/People_Presence_Max78K/build/camera.o
                0x00000000100023d8                camera_is_image_rcv
 .text.camera_get_image
                0x00000000100023e8       0x3c /home/carmine/Downloads/People_Presence/People_Presence/People_Presence_Max78K/build/camera.o
                0x00000000100023e8                camera_get_image
 .text.init     0x0000000010002424       0x10 /home/carmine/Downloads/People_Presence/People_Presence/People_Presence_Max78K/build/ov7692.o
 .text.get_slave_address
                0x0000000010002434        0xc /home/carmine/Downloads/People_Presence/People_Presence/People_Presence_Max78K/build/ov7692.o
 .text.get_pixformat
                0x0000000010002440       0x10 /home/carmine/Downloads/People_Presence/People_Presence/People_Presence_Max78K/build/ov7692.o
 .text.set_saturation
                0x0000000010002450        0x4 /home/carmine/Downloads/People_Presence/People_Presence/People_Presence_Max78K/build/ov7692.o
 .text.get_luminance
                0x0000000010002454       0x5c /home/carmine/Downloads/People_Presence/People_Presence/People_Presence_Max78K/build/ov7692.o
 .text.read_reg
                0x00000000100024b0       0x20 /home/carmine/Downloads/People_Presence/People_Presence/People_Presence_Max78K/build/ov7692.o
 .text.get_manufacture_id
                0x00000000100024d0       0x3c /home/carmine/Downloads/People_Presence/People_Presence/People_Presence_Max78K/build/ov7692.o
 .text.get_product_id
                0x000000001000250c       0x3c /home/carmine/Downloads/People_Presence/People_Presence/People_Presence_Max78K/build/ov7692.o
 .text.set_negateimage
                0x0000000010002548       0x88 /home/carmine/Downloads/People_Presence/People_Presence/People_Presence_Max78K/build/ov7692.o
 .text.set_vflip
                0x00000000100025d0       0x4c /home/carmine/Downloads/People_Presence/People_Presence/People_Presence_Max78K/build/ov7692.o
 .text.set_hmirror
                0x000000001000261c       0x4c /home/carmine/Downloads/People_Presence/People_Presence/People_Presence_Max78K/build/ov7692.o
 .text.set_colorbar
                0x0000000010002668       0x4c /home/carmine/Downloads/People_Presence/People_Presence/People_Presence_Max78K/build/ov7692.o
 .text.set_gainceiling
                0x00000000100026b4       0xd4 /home/carmine/Downloads/People_Presence/People_Presence/People_Presence_Max78K/build/ov7692.o
 .text.set_brightness
                0x0000000010002788       0xc8 /home/carmine/Downloads/People_Presence/People_Presence/People_Presence_Max78K/build/ov7692.o
 .text.set_contrast
                0x0000000010002850       0xf8 /home/carmine/Downloads/People_Presence/People_Presence/People_Presence_Max78K/build/ov7692.o
 .text.set_windowing
                0x0000000010002948       0xf8 /home/carmine/Downloads/People_Presence/People_Presence/People_Presence_Max78K/build/ov7692.o
 .text.set_framesize
                0x0000000010002a40       0xa8 /home/carmine/Downloads/People_Presence/People_Presence/People_Presence_Max78K/build/ov7692.o
 .text.set_pixformat
                0x0000000010002ae8       0x5c /home/carmine/Downloads/People_Presence/People_Presence/People_Presence_Max78K/build/ov7692.o
 .text.write_reg
                0x0000000010002b44       0x14 /home/carmine/Downloads/People_Presence/People_Presence/People_Presence_Max78K/build/ov7692.o
 .text.sleep    0x0000000010002b58       0x50 /home/carmine/Downloads/People_Presence/People_Presence/People_Presence_Max78K/build/ov7692.o
 .text.reset    0x0000000010002ba8       0x6c /home/carmine/Downloads/People_Presence/People_Presence/People_Presence_Max78K/build/ov7692.o
 .text.dump_registers
                0x0000000010002c14       0x88 /home/carmine/Downloads/People_Presence/People_Presence/People_Presence_Max78K/build/ov7692.o
 .text.sensor_register
                0x0000000010002c9c       0xb4 /home/carmine/Downloads/People_Presence/People_Presence/People_Presence_Max78K/build/ov7692.o
                0x0000000010002c9c                sensor_register
 .text.start    0x0000000010002d50       0x34 /home/carmine/Downloads/People_Presence/People_Presence/People_Presence_Max78K/build/sccb.o
 .text.send_byte
                0x0000000010002d84       0x8c /home/carmine/Downloads/People_Presence/People_Presence/People_Presence_Max78K/build/sccb.o
 .text.stop     0x0000000010002e10       0x2c /home/carmine/Downloads/People_Presence/People_Presence/People_Presence_Max78K/build/sccb.o
 .text.get_byte
                0x0000000010002e3c       0x58 /home/carmine/Downloads/People_Presence/People_Presence/People_Presence_Max78K/build/sccb.o
 .text.send_NACK
                0x0000000010002e94       0x34 /home/carmine/Downloads/People_Presence/People_Presence/People_Presence_Max78K/build/sccb.o
 .text.sccb_init
                0x0000000010002ec8       0x2c /home/carmine/Downloads/People_Presence/People_Presence/People_Presence_Max78K/build/sccb.o
                0x0000000010002ec8                sccb_init
 .text.sccb_read_byt
                0x0000000010002ef4       0x56 /home/carmine/Downloads/People_Presence/People_Presence/People_Presence_Max78K/build/sccb.o
                0x0000000010002ef4                sccb_read_byt
 .text.sccb_write_byt
                0x0000000010002f4a       0x4c /home/carmine/Downloads/People_Presence/People_Presence/People_Presence_Max78K/build/sccb.o
                0x0000000010002f4a                sccb_write_byt
 *fill*         0x0000000010002f96        0x2 
 .text.reg_read
                0x0000000010002f98       0x84 /home/carmine/Downloads/People_Presence/People_Presence/People_Presence_Max78K/build/max20303.o
 .text.reg_write
                0x000000001000301c       0x6c /home/carmine/Downloads/People_Presence/People_Presence/People_Presence_Max78K/build/max20303.o
 .text.reg_write_buf
                0x0000000010003088       0x88 /home/carmine/Downloads/People_Presence/People_Presence/People_Presence_Max78K/build/max20303.o
 .text.max20303_camera_power
                0x0000000010003110       0x64 /home/carmine/Downloads/People_Presence/People_Presence/People_Presence_Max78K/build/max20303.o
                0x0000000010003110                max20303_camera_power
 .text.max20303_init
                0x0000000010003174       0x6c /home/carmine/Downloads/People_Presence/People_Presence/People_Presence_Max78K/build/max20303.o
                0x0000000010003174                max20303_init
 .text          0x00000000100031e0      0x148 /home/carmine/Downloads/People_Presence/People_Presence/People_Presence_Max78K/build/startup_max78000.o
                0x00000000100031e0                Reset_Handler
                0x000000001000321e                HardFault_Handler
                0x0000000010003220                MemManage_Handler
                0x0000000010003222                BusFault_Handler
                0x0000000010003224                UsageFault_Handler
                0x0000000010003226                SVC_Handler
                0x0000000010003228                DebugMon_Handler
                0x000000001000322a                PendSV_Handler
                0x000000001000322c                SysTick_Handler
                0x000000001000322e                Default_Handler
                0x0000000010003230                PF_IRQHandler
                0x0000000010003232                WDT0_IRQHandler
                0x0000000010003234                RSV02_IRQHandler
                0x0000000010003236                RTC_IRQHandler
                0x0000000010003238                TRNG_IRQHandler
                0x000000001000323a                TMR0_IRQHandler
                0x000000001000323c                TMR1_IRQHandler
                0x000000001000323e                TMR2_IRQHandler
                0x0000000010003240                TMR3_IRQHandler
                0x0000000010003242                TMR4_IRQHandler
                0x0000000010003244                TMR5_IRQHandler
                0x0000000010003246                RSV11_IRQHandler
                0x0000000010003248                RSV12_IRQHandler
                0x000000001000324a                I2C0_IRQHandler
                0x000000001000324c                UART0_IRQHandler
                0x000000001000324e                UART1_IRQHandler
                0x0000000010003250                SPI1_IRQHandler
                0x0000000010003252                RSV17_IRQHandler
                0x0000000010003254                RSV18_IRQHandler
                0x0000000010003256                RSV19_IRQHandler
                0x0000000010003258                ADC_IRQHandler
                0x000000001000325a                RSV21_IRQHandler
                0x000000001000325c                RSV22_IRQHandler
                0x000000001000325e                FLC0_IRQHandler
                0x0000000010003266                RSV27_IRQHandler
                0x0000000010003268                DMA0_IRQHandler
                0x000000001000326a                DMA1_IRQHandler
                0x000000001000326c                DMA2_IRQHandler
                0x000000001000326e                DMA3_IRQHandler
                0x0000000010003270                RSV32_IRQHandler
                0x0000000010003272                RSV33_IRQHandler
                0x0000000010003274                UART2_IRQHandler
                0x0000000010003276                RSV35_IRQHandler
                0x0000000010003278                I2C1_IRQHandler
                0x000000001000327a                RSV37_IRQHandler
                0x000000001000327c                RSV38_IRQHandler
                0x000000001000327e                RSV39_IRQHandler
                0x0000000010003280                RSV40_IRQHandler
                0x0000000010003282                RSV41_IRQHandler
                0x0000000010003284                RSV42_IRQHandler
                0x0000000010003286                RSV43_IRQHandler
                0x0000000010003288                RSV44_IRQHandler
                0x000000001000328a                RSV45_IRQHandler
                0x000000001000328c                RSV46_IRQHandler
                0x000000001000328e                RSV47_IRQHandler
                0x0000000010003290                RSV48_IRQHandler
                0x0000000010003292                RSV49_IRQHandler
                0x0000000010003294                RSV50_IRQHandler
                0x0000000010003296                RSV51_IRQHandler
                0x0000000010003298                RSV52_IRQHandler
                0x000000001000329a                WUT_IRQHandler
                0x000000001000329c                GPIOWAKE_IRQHandler
                0x000000001000329e                RSV55_IRQHandler
                0x00000000100032a0                SPI0_IRQHandler
                0x00000000100032a2                WDT1_IRQHandler
                0x00000000100032a4                RSV58_IRQHandler
                0x00000000100032a6                PT_IRQHandler
                0x00000000100032a8                RSV60_IRQHandler
                0x00000000100032aa                RSV61_IRQHandler
                0x00000000100032ac                I2C2_IRQHandler
                0x00000000100032ae                RISCV_IRQHandler
                0x00000000100032b0                RSV64_IRQHandler
                0x00000000100032b2                RSV65_IRQHandler
                0x00000000100032b4                RSV66_IRQHandler
                0x00000000100032b6                OWM_IRQHandler
                0x00000000100032b8                RSV68_IRQHandler
                0x00000000100032ba                RSV69_IRQHandler
                0x00000000100032bc                RSV70_IRQHandler
                0x00000000100032be                RSV71_IRQHandler
                0x00000000100032c0                RSV72_IRQHandler
                0x00000000100032c2                RSV73_IRQHandler
                0x00000000100032c4                RSV74_IRQHandler
                0x00000000100032c6                RSV75_IRQHandler
                0x00000000100032c8                RSV76_IRQHandler
                0x00000000100032ca                RSV77_IRQHandler
                0x00000000100032cc                RSV78_IRQHandler
                0x00000000100032ce                RSV79_IRQHandler
                0x00000000100032d0                RSV80_IRQHandler
                0x00000000100032d2                RSV81_IRQHandler
                0x00000000100032d4                ECC_IRQHandler
                0x00000000100032d6                DVS_IRQHandler
                0x00000000100032d8                SIMO_IRQHandler
                0x00000000100032da                RSV85_IRQHandler
                0x00000000100032dc                RSV86_IRQHandler
                0x00000000100032de                RSV87_IRQHandler
                0x00000000100032e0                UART3_IRQHandler
                0x00000000100032e2                RSV89_IRQHandler
                0x00000000100032e4                RSV90_IRQHandler
                0x00000000100032e6                PCIF_IRQHandler
                0x00000000100032e8                RSV92_IRQHandler
                0x00000000100032ea                RSV93_IRQHandler
                0x00000000100032ec                RSV94_IRQHandler
                0x00000000100032ee                RSV95_IRQHandler
                0x00000000100032f0                RSV96_IRQHandler
                0x00000000100032f2                AES_IRQHandler
                0x00000000100032f4                RSV98_IRQHandler
                0x00000000100032f6                I2S_IRQHandler
                0x00000000100032f8                CNN_FIFO_IRQHandler
                0x00000000100032fa                CNN_IRQHandler
                0x00000000100032fc                RSV102_IRQHandler
                0x00000000100032fe                LPCMP_IRQHandler
 .text._sbrk    0x0000000010003328       0x40 /home/carmine/Downloads/People_Presence/People_Presence/People_Presence_Max78K/build/heap.o
                0x0000000010003328                _sbrk
 .text.SystemCoreClockUpdate
                0x0000000010003368       0x74 /home/carmine/Downloads/People_Presence/People_Presence/People_Presence_Max78K/build/system_max78000.o
                0x0000000010003368                SystemCoreClockUpdate
 .text.PreInit  0x00000000100033dc        0x4 /home/carmine/Downloads/People_Presence/People_Presence/People_Presence_Max78K/build/system_max78000.o
                0x00000000100033dc                PreInit
 .text.SystemInit
                0x00000000100033e0       0x38 /home/carmine/Downloads/People_Presence/People_Presence/People_Presence_Max78K/build/system_max78000.o
                0x00000000100033e0                SystemInit
 .text.MXC_DelayInit
                0x0000000010003418       0x84 /home/carmine/MaximSDK/Libraries/PeriphDrivers/bin/MAX78000/softfp/libPeriphDriver_softfp.a(mxc_delay.o)
 .text.MXC_DelayAsync
                0x000000001000349c       0x44 /home/carmine/MaximSDK/Libraries/PeriphDrivers/bin/MAX78000/softfp/libPeriphDriver_softfp.a(mxc_delay.o)
                0x000000001000349c                MXC_DelayAsync
 .text.MXC_DelayAbort
                0x00000000100034e0       0x34 /home/carmine/MaximSDK/Libraries/PeriphDrivers/bin/MAX78000/softfp/libPeriphDriver_softfp.a(mxc_delay.o)
                0x00000000100034e0                MXC_DelayAbort
 .text.MXC_DelayCheck
                0x0000000010003514       0x64 /home/carmine/MaximSDK/Libraries/PeriphDrivers/bin/MAX78000/softfp/libPeriphDriver_softfp.a(mxc_delay.o)
                0x0000000010003514                MXC_DelayCheck
 .text.MXC_Delay
                0x0000000010003578       0x58 /home/carmine/MaximSDK/Libraries/PeriphDrivers/bin/MAX78000/softfp/libPeriphDriver_softfp.a(mxc_delay.o)
                0x0000000010003578                MXC_Delay
 .text.MXC_SYS_IsClockEnabled
                0x00000000100035d0       0x54 /home/carmine/MaximSDK/Libraries/PeriphDrivers/bin/MAX78000/softfp/libPeriphDriver_softfp.a(sys_ai85.o)
                0x00000000100035d0                MXC_SYS_IsClockEnabled
 .text.MXC_SYS_ClockDisable
                0x0000000010003624       0x48 /home/carmine/MaximSDK/Libraries/PeriphDrivers/bin/MAX78000/softfp/libPeriphDriver_softfp.a(sys_ai85.o)
                0x0000000010003624                MXC_SYS_ClockDisable
 .text.MXC_SYS_ClockEnable
                0x000000001000366c       0x50 /home/carmine/MaximSDK/Libraries/PeriphDrivers/bin/MAX78000/softfp/libPeriphDriver_softfp.a(sys_ai85.o)
                0x000000001000366c                MXC_SYS_ClockEnable
 .text.MXC_SYS_Clock_Timeout
                0x00000000100036bc       0x30 /home/carmine/MaximSDK/Libraries/PeriphDrivers/bin/MAX78000/softfp/libPeriphDriver_softfp.a(sys_ai85.o)
                0x00000000100036bc                MXC_SYS_Clock_Timeout
 .text.MXC_SYS_ClockSourceEnable
                0x00000000100036ec       0x80 /home/carmine/MaximSDK/Libraries/PeriphDrivers/bin/MAX78000/softfp/libPeriphDriver_softfp.a(sys_ai85.o)
                0x00000000100036ec                MXC_SYS_ClockSourceEnable
 .text.MXC_SYS_Clock_Select
                0x000000001000376c      0x148 /home/carmine/MaximSDK/Libraries/PeriphDrivers/bin/MAX78000/softfp/libPeriphDriver_softfp.a(sys_ai85.o)
                0x000000001000376c                MXC_SYS_Clock_Select
 .text.MXC_SYS_Reset_Periph
                0x00000000100038b4       0x58 /home/carmine/MaximSDK/Libraries/PeriphDrivers/bin/MAX78000/softfp/libPeriphDriver_softfp.a(sys_ai85.o)
                0x00000000100038b4                MXC_SYS_Reset_Periph
 .text.NVIC_SetRAM
                0x000000001000390c       0x24 /home/carmine/MaximSDK/Libraries/PeriphDrivers/bin/MAX78000/softfp/libPeriphDriver_softfp.a(nvic_table.o)
                0x000000001000390c                NVIC_SetRAM
 .text.MXC_NVIC_SetVector
                0x0000000010003930       0x40 /home/carmine/MaximSDK/Libraries/PeriphDrivers/bin/MAX78000/softfp/libPeriphDriver_softfp.a(nvic_table.o)
                0x0000000010003930                MXC_NVIC_SetVector
 .text.MXC_PCIF_Init
                0x0000000010003970       0x78 /home/carmine/MaximSDK/Libraries/PeriphDrivers/bin/MAX78000/softfp/libPeriphDriver_softfp.a(cameraif_ai85.o)
                0x0000000010003970                MXC_PCIF_Init
 .text.MXC_PCIF_SetDataWidth
                0x00000000100039e8       0x10 /home/carmine/MaximSDK/Libraries/PeriphDrivers/bin/MAX78000/softfp/libPeriphDriver_softfp.a(cameraif_ai85.o)
                0x00000000100039e8                MXC_PCIF_SetDataWidth
 .text.MXC_PCIF_SetTimingSel
                0x00000000100039f8       0x10 /home/carmine/MaximSDK/Libraries/PeriphDrivers/bin/MAX78000/softfp/libPeriphDriver_softfp.a(cameraif_ai85.o)
                0x00000000100039f8                MXC_PCIF_SetTimingSel
 .text.MXC_PCIF_SetThreshold
                0x0000000010003a08       0x10 /home/carmine/MaximSDK/Libraries/PeriphDrivers/bin/MAX78000/softfp/libPeriphDriver_softfp.a(cameraif_ai85.o)
                0x0000000010003a08                MXC_PCIF_SetThreshold
 .text.MXC_PCIF_EnableInt
                0x0000000010003a18       0x10 /home/carmine/MaximSDK/Libraries/PeriphDrivers/bin/MAX78000/softfp/libPeriphDriver_softfp.a(cameraif_ai85.o)
                0x0000000010003a18                MXC_PCIF_EnableInt
 .text.MXC_PCIF_DisableInt
                0x0000000010003a28       0x10 /home/carmine/MaximSDK/Libraries/PeriphDrivers/bin/MAX78000/softfp/libPeriphDriver_softfp.a(cameraif_ai85.o)
                0x0000000010003a28                MXC_PCIF_DisableInt
 .text.MXC_PCIF_Start
                0x0000000010003a38       0x10 /home/carmine/MaximSDK/Libraries/PeriphDrivers/bin/MAX78000/softfp/libPeriphDriver_softfp.a(cameraif_ai85.o)
                0x0000000010003a38                MXC_PCIF_Start
 .text.MXC_PCIF_RevA_SetDatawidth
                0x0000000010003a48       0x12 /home/carmine/MaximSDK/Libraries/PeriphDrivers/bin/MAX78000/softfp/libPeriphDriver_softfp.a(cameraif_reva.o)
                0x0000000010003a48                MXC_PCIF_RevA_SetDatawidth
 .text.MXC_PCIF_RevA_SetTimingSel
                0x0000000010003a5a       0x12 /home/carmine/MaximSDK/Libraries/PeriphDrivers/bin/MAX78000/softfp/libPeriphDriver_softfp.a(cameraif_reva.o)
                0x0000000010003a5a                MXC_PCIF_RevA_SetTimingSel
 .text.MXC_PCIF_RevA_SetThreshold
                0x0000000010003a6c       0x16 /home/carmine/MaximSDK/Libraries/PeriphDrivers/bin/MAX78000/softfp/libPeriphDriver_softfp.a(cameraif_reva.o)
                0x0000000010003a6c                MXC_PCIF_RevA_SetThreshold
 .text.MXC_PCIF_RevA_EnableInt
                0x0000000010003a82        0xc /home/carmine/MaximSDK/Libraries/PeriphDrivers/bin/MAX78000/softfp/libPeriphDriver_softfp.a(cameraif_reva.o)
                0x0000000010003a82                MXC_PCIF_RevA_EnableInt
 .text.MXC_PCIF_RevA_DisableInt
                0x0000000010003a8e        0xe /home/carmine/MaximSDK/Libraries/PeriphDrivers/bin/MAX78000/softfp/libPeriphDriver_softfp.a(cameraif_reva.o)
                0x0000000010003a8e                MXC_PCIF_RevA_DisableInt
 .text.MXC_PCIF_RevA_Start
                0x0000000010003a9c       0x14 /home/carmine/MaximSDK/Libraries/PeriphDrivers/bin/MAX78000/softfp/libPeriphDriver_softfp.a(cameraif_reva.o)
                0x0000000010003a9c                MXC_PCIF_RevA_Start
 .text.MXC_DMA_Init
                0x0000000010003ab0       0x24 /home/carmine/MaximSDK/Libraries/PeriphDrivers/bin/MAX78000/softfp/libPeriphDriver_softfp.a(dma_me17.o)
                0x0000000010003ab0                MXC_DMA_Init
 .text.MXC_DMA_AcquireChannel
                0x0000000010003ad4       0x10 /home/carmine/MaximSDK/Libraries/PeriphDrivers/bin/MAX78000/softfp/libPeriphDriver_softfp.a(dma_me17.o)
                0x0000000010003ad4                MXC_DMA_AcquireChannel
 .text.MXC_DMA_SetCallback
                0x0000000010003ae4        0x8 /home/carmine/MaximSDK/Libraries/PeriphDrivers/bin/MAX78000/softfp/libPeriphDriver_softfp.a(dma_me17.o)
                0x0000000010003ae4                MXC_DMA_SetCallback
 .text.MXC_DMA_ChannelClearFlags
                0x0000000010003aec        0x8 /home/carmine/MaximSDK/Libraries/PeriphDrivers/bin/MAX78000/softfp/libPeriphDriver_softfp.a(dma_me17.o)
                0x0000000010003aec                MXC_DMA_ChannelClearFlags
 .text.MXC_DMA_Handler
                0x0000000010003af4       0x10 /home/carmine/MaximSDK/Libraries/PeriphDrivers/bin/MAX78000/softfp/libPeriphDriver_softfp.a(dma_me17.o)
                0x0000000010003af4                MXC_DMA_Handler
 .text.MXC_DMA_RevA_Init
                0x0000000010003b04       0xa4 /home/carmine/MaximSDK/Libraries/PeriphDrivers/bin/MAX78000/softfp/libPeriphDriver_softfp.a(dma_reva.o)
                0x0000000010003b04                MXC_DMA_RevA_Init
 .text.MXC_DMA_RevA_AcquireChannel
                0x0000000010003ba8       0x7c /home/carmine/MaximSDK/Libraries/PeriphDrivers/bin/MAX78000/softfp/libPeriphDriver_softfp.a(dma_reva.o)
                0x0000000010003ba8                MXC_DMA_RevA_AcquireChannel
 .text.MXC_DMA_RevA_SetCallback
                0x0000000010003c24       0x30 /home/carmine/MaximSDK/Libraries/PeriphDrivers/bin/MAX78000/softfp/libPeriphDriver_softfp.a(dma_reva.o)
                0x0000000010003c24                MXC_DMA_RevA_SetCallback
 .text.MXC_DMA_RevA_ChannelGetFlags
                0x0000000010003c54       0x30 /home/carmine/MaximSDK/Libraries/PeriphDrivers/bin/MAX78000/softfp/libPeriphDriver_softfp.a(dma_reva.o)
                0x0000000010003c54                MXC_DMA_RevA_ChannelGetFlags
 .text.MXC_DMA_RevA_ChannelClearFlags
                0x0000000010003c84       0x38 /home/carmine/MaximSDK/Libraries/PeriphDrivers/bin/MAX78000/softfp/libPeriphDriver_softfp.a(dma_reva.o)
                0x0000000010003c84                MXC_DMA_RevA_ChannelClearFlags
 .text.MXC_DMA_RevA_Handler
                0x0000000010003cbc       0x80 /home/carmine/MaximSDK/Libraries/PeriphDrivers/bin/MAX78000/softfp/libPeriphDriver_softfp.a(dma_reva.o)
                0x0000000010003cbc                MXC_DMA_RevA_Handler
 .text.MXC_GPIO_Init
                0x0000000010003d3c       0x28 /home/carmine/MaximSDK/Libraries/PeriphDrivers/bin/MAX78000/softfp/libPeriphDriver_softfp.a(gpio_ai85.o)
                0x0000000010003d3c                MXC_GPIO_Init
 .text.MXC_GPIO_OutSet
                0x0000000010003d64       0x38 /home/carmine/MaximSDK/Libraries/PeriphDrivers/bin/MAX78000/softfp/libPeriphDriver_softfp.a(gpio_ai85.o)
                0x0000000010003d64                MXC_GPIO_OutSet
 .text.MXC_GPIO_OutClr
                0x0000000010003d9c       0x38 /home/carmine/MaximSDK/Libraries/PeriphDrivers/bin/MAX78000/softfp/libPeriphDriver_softfp.a(gpio_ai85.o)
                0x0000000010003d9c                MXC_GPIO_OutClr
 .text.MXC_GPIO_Handler
                0x0000000010003dd4        0x8 /home/carmine/MaximSDK/Libraries/PeriphDrivers/bin/MAX78000/softfp/libPeriphDriver_softfp.a(gpio_ai85.o)
                0x0000000010003dd4                MXC_GPIO_Handler
 .text.MXC_GPIO_ClearFlags
                0x0000000010003ddc        0x8 /home/carmine/MaximSDK/Libraries/PeriphDrivers/bin/MAX78000/softfp/libPeriphDriver_softfp.a(gpio_ai85.o)
                0x0000000010003ddc                MXC_GPIO_ClearFlags
 .text.MXC_GPIO_GetFlags
                0x0000000010003de4        0x8 /home/carmine/MaximSDK/Libraries/PeriphDrivers/bin/MAX78000/softfp/libPeriphDriver_softfp.a(gpio_ai85.o)
                0x0000000010003de4                MXC_GPIO_GetFlags
 .text.MXC_GPIO_SetVSSEL
                0x0000000010003dec        0x8 /home/carmine/MaximSDK/Libraries/PeriphDrivers/bin/MAX78000/softfp/libPeriphDriver_softfp.a(gpio_ai85.o)
                0x0000000010003dec                MXC_GPIO_SetVSSEL
 .text.MXC_GPIO_Config
                0x0000000010003df4      0x22c /home/carmine/MaximSDK/Libraries/PeriphDrivers/bin/MAX78000/softfp/libPeriphDriver_softfp.a(gpio_ai85.o)
                0x0000000010003df4                MXC_GPIO_Config
 .text.MXC_GPIO_RevA_OutSet
                0x0000000010004020        0x4 /home/carmine/MaximSDK/Libraries/PeriphDrivers/bin/MAX78000/softfp/libPeriphDriver_softfp.a(gpio_reva.o)
                0x0000000010004020                MXC_GPIO_RevA_OutSet
 .text.MXC_GPIO_RevA_OutClr
                0x0000000010004024        0x4 /home/carmine/MaximSDK/Libraries/PeriphDrivers/bin/MAX78000/softfp/libPeriphDriver_softfp.a(gpio_reva.o)
                0x0000000010004024                MXC_GPIO_RevA_OutClr
 .text.MXC_GPIO_RevA_ClearFlags
                0x0000000010004028        0x4 /home/carmine/MaximSDK/Libraries/PeriphDrivers/bin/MAX78000/softfp/libPeriphDriver_softfp.a(gpio_reva.o)
                0x0000000010004028                MXC_GPIO_RevA_ClearFlags
 .text.MXC_GPIO_RevA_GetFlags
                0x000000001000402c        0x4 /home/carmine/MaximSDK/Libraries/PeriphDrivers/bin/MAX78000/softfp/libPeriphDriver_softfp.a(gpio_reva.o)
                0x000000001000402c                MXC_GPIO_RevA_GetFlags
 .text.MXC_GPIO_RevA_SetVSSEL
                0x0000000010004030       0x2a /home/carmine/MaximSDK/Libraries/PeriphDrivers/bin/MAX78000/softfp/libPeriphDriver_softfp.a(gpio_reva.o)
                0x0000000010004030                MXC_GPIO_RevA_SetVSSEL
 .text.MXC_GPIO_RevA_SetAF
                0x000000001000405a       0x72 /home/carmine/MaximSDK/Libraries/PeriphDrivers/bin/MAX78000/softfp/libPeriphDriver_softfp.a(gpio_reva.o)
                0x000000001000405a                MXC_GPIO_RevA_SetAF
 .text.MXC_I2C_SetSlaveAddr
                0x00000000100040cc        0x8 /home/carmine/MaximSDK/Libraries/PeriphDrivers/bin/MAX78000/softfp/libPeriphDriver_softfp.a(i2c_me17.o)
                0x00000000100040cc                MXC_I2C_SetSlaveAddr
 .text.MXC_I2C_Shutdown
                0x00000000100040d4       0x58 /home/carmine/MaximSDK/Libraries/PeriphDrivers/bin/MAX78000/softfp/libPeriphDriver_softfp.a(i2c_me17.o)
                0x00000000100040d4                MXC_I2C_Shutdown
 .text.MXC_I2C_Init
                0x000000001000412c       0x78 /home/carmine/MaximSDK/Libraries/PeriphDrivers/bin/MAX78000/softfp/libPeriphDriver_softfp.a(i2c_me17.o)
                0x000000001000412c                MXC_I2C_Init
 .text.MXC_I2C_SetFrequency
                0x00000000100041a4       0x18 /home/carmine/MaximSDK/Libraries/PeriphDrivers/bin/MAX78000/softfp/libPeriphDriver_softfp.a(i2c_me17.o)
                0x00000000100041a4                MXC_I2C_SetFrequency
 .text.MXC_I2C_GetFrequency
                0x00000000100041bc        0x8 /home/carmine/MaximSDK/Libraries/PeriphDrivers/bin/MAX78000/softfp/libPeriphDriver_softfp.a(i2c_me17.o)
                0x00000000100041bc                MXC_I2C_GetFrequency
 .text.MXC_I2C_ClearRXFIFO
                0x00000000100041c4        0x8 /home/carmine/MaximSDK/Libraries/PeriphDrivers/bin/MAX78000/softfp/libPeriphDriver_softfp.a(i2c_me17.o)
                0x00000000100041c4                MXC_I2C_ClearRXFIFO
 .text.MXC_I2C_ClearTXFIFO
                0x00000000100041cc        0x8 /home/carmine/MaximSDK/Libraries/PeriphDrivers/bin/MAX78000/softfp/libPeriphDriver_softfp.a(i2c_me17.o)
                0x00000000100041cc                MXC_I2C_ClearTXFIFO
 .text.MXC_I2C_Recover
                0x00000000100041d4        0x8 /home/carmine/MaximSDK/Libraries/PeriphDrivers/bin/MAX78000/softfp/libPeriphDriver_softfp.a(i2c_me17.o)
                0x00000000100041d4                MXC_I2C_Recover
 .text.MXC_I2C_SetRXThreshold
                0x00000000100041dc        0x8 /home/carmine/MaximSDK/Libraries/PeriphDrivers/bin/MAX78000/softfp/libPeriphDriver_softfp.a(i2c_me17.o)
                0x00000000100041dc                MXC_I2C_SetRXThreshold
 .text.MXC_I2C_SetTXThreshold
                0x00000000100041e4        0x8 /home/carmine/MaximSDK/Libraries/PeriphDrivers/bin/MAX78000/softfp/libPeriphDriver_softfp.a(i2c_me17.o)
                0x00000000100041e4                MXC_I2C_SetTXThreshold
 .text.MXC_I2C_RevA_Init
                0x00000000100041ec       0xd0 /home/carmine/MaximSDK/Libraries/PeriphDrivers/bin/MAX78000/softfp/libPeriphDriver_softfp.a(i2c_reva.o)
                0x00000000100041ec                MXC_I2C_RevA_Init
 .text.MXC_I2C_RevA_SetSlaveAddr
                0x00000000100042bc       0x36 /home/carmine/MaximSDK/Libraries/PeriphDrivers/bin/MAX78000/softfp/libPeriphDriver_softfp.a(i2c_reva.o)
                0x00000000100042bc                MXC_I2C_RevA_SetSlaveAddr
 *fill*         0x00000000100042f2        0x2 
 .text.MXC_I2C_RevA_SetFrequency
                0x00000000100042f4       0x8c /home/carmine/MaximSDK/Libraries/PeriphDrivers/bin/MAX78000/softfp/libPeriphDriver_softfp.a(i2c_reva.o)
                0x00000000100042f4                MXC_I2C_RevA_SetFrequency
 .text.MXC_I2C_RevA_GetFrequency
                0x0000000010004380       0x20 /home/carmine/MaximSDK/Libraries/PeriphDrivers/bin/MAX78000/softfp/libPeriphDriver_softfp.a(i2c_reva.o)
                0x0000000010004380                MXC_I2C_RevA_GetFrequency
 .text.MXC_I2C_RevA_ClearRXFIFO
                0x00000000100043a0       0x12 /home/carmine/MaximSDK/Libraries/PeriphDrivers/bin/MAX78000/softfp/libPeriphDriver_softfp.a(i2c_reva.o)
                0x00000000100043a0                MXC_I2C_RevA_ClearRXFIFO
 .text.MXC_I2C_RevA_ClearTXFIFO
                0x00000000100043b2       0x12 /home/carmine/MaximSDK/Libraries/PeriphDrivers/bin/MAX78000/softfp/libPeriphDriver_softfp.a(i2c_reva.o)
                0x00000000100043b2                MXC_I2C_RevA_ClearTXFIFO
 .text.MXC_I2C_RevA_Recover
                0x00000000100043c4       0xd8 /home/carmine/MaximSDK/Libraries/PeriphDrivers/bin/MAX78000/softfp/libPeriphDriver_softfp.a(i2c_reva.o)
                0x00000000100043c4                MXC_I2C_RevA_Recover
 .text.MXC_I2C_RevA_SetRXThreshold
                0x000000001000449c       0x1e /home/carmine/MaximSDK/Libraries/PeriphDrivers/bin/MAX78000/softfp/libPeriphDriver_softfp.a(i2c_reva.o)
                0x000000001000449c                MXC_I2C_RevA_SetRXThreshold
 .text.MXC_I2C_RevA_SetTXThreshold
                0x00000000100044ba       0x20 /home/carmine/MaximSDK/Libraries/PeriphDrivers/bin/MAX78000/softfp/libPeriphDriver_softfp.a(i2c_reva.o)
                0x00000000100044ba                MXC_I2C_RevA_SetTXThreshold
 .text.MXC_ICC_Enable
                0x00000000100044da        0x8 /home/carmine/MaximSDK/Libraries/PeriphDrivers/bin/MAX78000/softfp/libPeriphDriver_softfp.a(icc_me17.o)
                0x00000000100044da                MXC_ICC_Enable
 .text.MXC_ICC_Ready
                0x00000000100044e2        0xa /home/carmine/MaximSDK/Libraries/PeriphDrivers/bin/MAX78000/softfp/libPeriphDriver_softfp.a(icc_reva.o)
 .text.MXC_ICC_RevA_Enable
                0x00000000100044ec       0x38 /home/carmine/MaximSDK/Libraries/PeriphDrivers/bin/MAX78000/softfp/libPeriphDriver_softfp.a(icc_reva.o)
                0x00000000100044ec                MXC_ICC_RevA_Enable
 .text.MXC_PT_Init
                0x0000000010004524       0xbc /home/carmine/MaximSDK/Libraries/PeriphDrivers/bin/MAX78000/softfp/libPeriphDriver_softfp.a(pt_me17.o)
                0x0000000010004524                MXC_PT_Init
 .text.MXC_PT_Config
                0x00000000100045e0       0x5c /home/carmine/MaximSDK/Libraries/PeriphDrivers/bin/MAX78000/softfp/libPeriphDriver_softfp.a(pt_me17.o)
                0x00000000100045e0                MXC_PT_Config
 .text.MXC_PT_SqrWaveConfig
                0x000000001000463c       0x20 /home/carmine/MaximSDK/Libraries/PeriphDrivers/bin/MAX78000/softfp/libPeriphDriver_softfp.a(pt_me17.o)
                0x000000001000463c                MXC_PT_SqrWaveConfig
 .text.MXC_PT_Start
                0x000000001000465c       0x10 /home/carmine/MaximSDK/Libraries/PeriphDrivers/bin/MAX78000/softfp/libPeriphDriver_softfp.a(pt_me17.o)
                0x000000001000465c                MXC_PT_Start
 .text.MXC_PT_IsActive
                0x000000001000466c       0x10 /home/carmine/MaximSDK/Libraries/PeriphDrivers/bin/MAX78000/softfp/libPeriphDriver_softfp.a(pt_me17.o)
                0x000000001000466c                MXC_PT_IsActive
 .text.MXC_PT_RevA_Init
                0x000000001000467c        0xa /home/carmine/MaximSDK/Libraries/PeriphDrivers/bin/MAX78000/softfp/libPeriphDriver_softfp.a(pt_reva.o)
                0x000000001000467c                MXC_PT_RevA_Init
 .text.MXC_PT_RevA_SqrWaveConfig
                0x0000000010004686       0x14 /home/carmine/MaximSDK/Libraries/PeriphDrivers/bin/MAX78000/softfp/libPeriphDriver_softfp.a(pt_reva.o)
                0x0000000010004686                MXC_PT_RevA_SqrWaveConfig
 .text.MXC_PT_RevA_Start
                0x000000001000469a       0x10 /home/carmine/MaximSDK/Libraries/PeriphDrivers/bin/MAX78000/softfp/libPeriphDriver_softfp.a(pt_reva.o)
                0x000000001000469a                MXC_PT_RevA_Start
 .text.MXC_PT_RevA_Stop
                0x00000000100046aa        0xa /home/carmine/MaximSDK/Libraries/PeriphDrivers/bin/MAX78000/softfp/libPeriphDriver_softfp.a(pt_reva.o)
                0x00000000100046aa                MXC_PT_RevA_Stop
 .text.MXC_PT_RevA_Config
                0x00000000100046b4       0xc0 /home/carmine/MaximSDK/Libraries/PeriphDrivers/bin/MAX78000/softfp/libPeriphDriver_softfp.a(pt_reva.o)
                0x00000000100046b4                MXC_PT_RevA_Config
 .text.MXC_PT_RevA_IsActive
                0x0000000010004774        0xc /home/carmine/MaximSDK/Libraries/PeriphDrivers/bin/MAX78000/softfp/libPeriphDriver_softfp.a(pt_reva.o)
                0x0000000010004774                MXC_PT_RevA_IsActive
 .text.MXC_TMR_Init
                0x0000000010004780      0x1f8 /home/carmine/MaximSDK/Libraries/PeriphDrivers/bin/MAX78000/softfp/libPeriphDriver_softfp.a(tmr_ai85.o)
                0x0000000010004780                MXC_TMR_Init
 .text.MXC_TMR_Start
                0x0000000010004978        0x8 /home/carmine/MaximSDK/Libraries/PeriphDrivers/bin/MAX78000/softfp/libPeriphDriver_softfp.a(tmr_ai85.o)
                0x0000000010004978                MXC_TMR_Start
 .text.MXC_TMR_Stop
                0x0000000010004980        0x8 /home/carmine/MaximSDK/Libraries/PeriphDrivers/bin/MAX78000/softfp/libPeriphDriver_softfp.a(tmr_ai85.o)
                0x0000000010004980                MXC_TMR_Stop
 .text.MXC_TMR_ClearFlags
                0x0000000010004988        0x8 /home/carmine/MaximSDK/Libraries/PeriphDrivers/bin/MAX78000/softfp/libPeriphDriver_softfp.a(tmr_ai85.o)
                0x0000000010004988                MXC_TMR_ClearFlags
 .text.MXC_TMR_SetCount
                0x0000000010004990        0x8 /home/carmine/MaximSDK/Libraries/PeriphDrivers/bin/MAX78000/softfp/libPeriphDriver_softfp.a(tmr_ai85.o)
                0x0000000010004990                MXC_TMR_SetCount
 .text.MXC_TMR_TO_Start
                0x0000000010004998        0x8 /home/carmine/MaximSDK/Libraries/PeriphDrivers/bin/MAX78000/softfp/libPeriphDriver_softfp.a(tmr_ai85.o)
                0x0000000010004998                MXC_TMR_TO_Start
 .text.MXC_TMR_TO_Stop
                0x00000000100049a0        0x8 /home/carmine/MaximSDK/Libraries/PeriphDrivers/bin/MAX78000/softfp/libPeriphDriver_softfp.a(tmr_ai85.o)
                0x00000000100049a0                MXC_TMR_TO_Stop
 .text.MXC_TMR_TO_Elapsed
                0x00000000100049a8        0x8 /home/carmine/MaximSDK/Libraries/PeriphDrivers/bin/MAX78000/softfp/libPeriphDriver_softfp.a(tmr_ai85.o)
                0x00000000100049a8                MXC_TMR_TO_Elapsed
 .text.MXC_TMR_SW_Start
                0x00000000100049b0        0x8 /home/carmine/MaximSDK/Libraries/PeriphDrivers/bin/MAX78000/softfp/libPeriphDriver_softfp.a(tmr_ai85.o)
                0x00000000100049b0                MXC_TMR_SW_Start
 .text.MXC_TMR_SW_Stop
                0x00000000100049b8        0x8 /home/carmine/MaximSDK/Libraries/PeriphDrivers/bin/MAX78000/softfp/libPeriphDriver_softfp.a(tmr_ai85.o)
                0x00000000100049b8                MXC_TMR_SW_Stop
 .text.MXC_TMR_GetTime
                0x00000000100049c0        0x8 /home/carmine/MaximSDK/Libraries/PeriphDrivers/bin/MAX78000/softfp/libPeriphDriver_softfp.a(tmr_ai85.o)
                0x00000000100049c0                MXC_TMR_GetTime
 .text.MXC_TMR_RevB_ConfigGeneric
                0x00000000100049c8       0xd4 /home/carmine/MaximSDK/Libraries/PeriphDrivers/bin/MAX78000/softfp/libPeriphDriver_softfp.a(tmr_revb.o)
                0x00000000100049c8                MXC_TMR_RevB_ConfigGeneric
 .text.MXC_TMR_RevB_Init
                0x0000000010004a9c      0x14c /home/carmine/MaximSDK/Libraries/PeriphDrivers/bin/MAX78000/softfp/libPeriphDriver_softfp.a(tmr_revb.o)
                0x0000000010004a9c                MXC_TMR_RevB_Init
 .text.MXC_TMR_RevB_Start
                0x0000000010004be8       0x60 /home/carmine/MaximSDK/Libraries/PeriphDrivers/bin/MAX78000/softfp/libPeriphDriver_softfp.a(tmr_revb.o)
                0x0000000010004be8                MXC_TMR_RevB_Start
 .text.MXC_TMR_RevB_Stop
                0x0000000010004c48       0x58 /home/carmine/MaximSDK/Libraries/PeriphDrivers/bin/MAX78000/softfp/libPeriphDriver_softfp.a(tmr_revb.o)
                0x0000000010004c48                MXC_TMR_RevB_Stop
 .text.MXC_TMR_RevB_ClearFlags
                0x0000000010004ca0       0x58 /home/carmine/MaximSDK/Libraries/PeriphDrivers/bin/MAX78000/softfp/libPeriphDriver_softfp.a(tmr_revb.o)
                0x0000000010004ca0                MXC_TMR_RevB_ClearFlags
 .text.MXC_TMR_RevB_SetCount
                0x0000000010004cf8       0x5c /home/carmine/MaximSDK/Libraries/PeriphDrivers/bin/MAX78000/softfp/libPeriphDriver_softfp.a(tmr_revb.o)
                0x0000000010004cf8                MXC_TMR_RevB_SetCount
 .text.MXC_TMR_RevB_TO_Start
                0x0000000010004d54       0xd0 /home/carmine/MaximSDK/Libraries/PeriphDrivers/bin/MAX78000/softfp/libPeriphDriver_softfp.a(tmr_revb.o)
                0x0000000010004d54                MXC_TMR_RevB_TO_Start
 .text.MXC_TMR_RevB_GetTime
                0x0000000010004e24      0x130 /home/carmine/MaximSDK/Libraries/PeriphDrivers/bin/MAX78000/softfp/libPeriphDriver_softfp.a(tmr_revb.o)
                0x0000000010004e24                MXC_TMR_RevB_GetTime
 .text.MXC_UART_Shutdown
                0x0000000010004f54       0x70 /home/carmine/MaximSDK/Libraries/PeriphDrivers/bin/MAX78000/softfp/libPeriphDriver_softfp.a(uart_ai85.o)
                0x0000000010004f54                MXC_UART_Shutdown
 .text.MXC_UART_Init
                0x0000000010004fc4       0xa4 /home/carmine/MaximSDK/Libraries/PeriphDrivers/bin/MAX78000/softfp/libPeriphDriver_softfp.a(uart_ai85.o)
                0x0000000010004fc4                MXC_UART_Init
 .text.MXC_UART_GetFrequency
                0x0000000010005068       0x68 /home/carmine/MaximSDK/Libraries/PeriphDrivers/bin/MAX78000/softfp/libPeriphDriver_softfp.a(uart_ai85.o)
                0x0000000010005068                MXC_UART_GetFrequency
 .text.MXC_UART_SetFrequency
                0x00000000100050d0       0xc8 /home/carmine/MaximSDK/Libraries/PeriphDrivers/bin/MAX78000/softfp/libPeriphDriver_softfp.a(uart_ai85.o)
                0x00000000100050d0                MXC_UART_SetFrequency
 .text.MXC_UART_SetDataSize
                0x0000000010005198        0x8 /home/carmine/MaximSDK/Libraries/PeriphDrivers/bin/MAX78000/softfp/libPeriphDriver_softfp.a(uart_ai85.o)
                0x0000000010005198                MXC_UART_SetDataSize
 .text.MXC_UART_SetStopBits
                0x00000000100051a0        0x8 /home/carmine/MaximSDK/Libraries/PeriphDrivers/bin/MAX78000/softfp/libPeriphDriver_softfp.a(uart_ai85.o)
                0x00000000100051a0                MXC_UART_SetStopBits
 .text.MXC_UART_SetParity
                0x00000000100051a8        0x8 /home/carmine/MaximSDK/Libraries/PeriphDrivers/bin/MAX78000/softfp/libPeriphDriver_softfp.a(uart_ai85.o)
                0x00000000100051a8                MXC_UART_SetParity
 .text.MXC_UART_ReadCharacterRaw
                0x00000000100051b0        0x8 /home/carmine/MaximSDK/Libraries/PeriphDrivers/bin/MAX78000/softfp/libPeriphDriver_softfp.a(uart_ai85.o)
                0x00000000100051b0                MXC_UART_ReadCharacterRaw
 .text.MXC_UART_WriteCharacterRaw
                0x00000000100051b8        0x8 /home/carmine/MaximSDK/Libraries/PeriphDrivers/bin/MAX78000/softfp/libPeriphDriver_softfp.a(uart_ai85.o)
                0x00000000100051b8                MXC_UART_WriteCharacterRaw
 .text.MXC_UART_ReadCharacter
                0x00000000100051c0        0x8 /home/carmine/MaximSDK/Libraries/PeriphDrivers/bin/MAX78000/softfp/libPeriphDriver_softfp.a(uart_ai85.o)
                0x00000000100051c0                MXC_UART_ReadCharacter
 .text.MXC_UART_WriteCharacter
                0x00000000100051c8        0x8 /home/carmine/MaximSDK/Libraries/PeriphDrivers/bin/MAX78000/softfp/libPeriphDriver_softfp.a(uart_ai85.o)
                0x00000000100051c8                MXC_UART_WriteCharacter
 .text.MXC_UART_GetRXFIFOAvailable
                0x00000000100051d0        0x8 /home/carmine/MaximSDK/Libraries/PeriphDrivers/bin/MAX78000/softfp/libPeriphDriver_softfp.a(uart_ai85.o)
                0x00000000100051d0                MXC_UART_GetRXFIFOAvailable
 .text.MXC_UART_GetTXFIFOAvailable
                0x00000000100051d8        0x8 /home/carmine/MaximSDK/Libraries/PeriphDrivers/bin/MAX78000/softfp/libPeriphDriver_softfp.a(uart_ai85.o)
                0x00000000100051d8                MXC_UART_GetTXFIFOAvailable
 .text.MXC_UART_SetRXThreshold
                0x00000000100051e0        0x8 /home/carmine/MaximSDK/Libraries/PeriphDrivers/bin/MAX78000/softfp/libPeriphDriver_softfp.a(uart_ai85.o)
                0x00000000100051e0                MXC_UART_SetRXThreshold
 .text.MXC_UART_Common_ReadCharacter
                0x00000000100051e8       0x16 /home/carmine/MaximSDK/Libraries/PeriphDrivers/bin/MAX78000/softfp/libPeriphDriver_softfp.a(uart_common.o)
                0x00000000100051e8                MXC_UART_Common_ReadCharacter
 .text.MXC_UART_Common_WriteCharacter
                0x00000000100051fe       0x1a /home/carmine/MaximSDK/Libraries/PeriphDrivers/bin/MAX78000/softfp/libPeriphDriver_softfp.a(uart_common.o)
                0x00000000100051fe                MXC_UART_Common_WriteCharacter
 .text.MXC_UART_RevB_Init
                0x0000000010005218       0x7c /home/carmine/MaximSDK/Libraries/PeriphDrivers/bin/MAX78000/softfp/libPeriphDriver_softfp.a(uart_revb.o)
                0x0000000010005218                MXC_UART_RevB_Init
 .text.MXC_UART_RevB_SetFrequency
                0x0000000010005294       0x94 /home/carmine/MaximSDK/Libraries/PeriphDrivers/bin/MAX78000/softfp/libPeriphDriver_softfp.a(uart_revb.o)
                0x0000000010005294                MXC_UART_RevB_SetFrequency
 .text.MXC_UART_RevB_GetFrequency
                0x0000000010005328       0x70 /home/carmine/MaximSDK/Libraries/PeriphDrivers/bin/MAX78000/softfp/libPeriphDriver_softfp.a(uart_revb.o)
                0x0000000010005328                MXC_UART_RevB_GetFrequency
 .text.MXC_UART_RevB_SetDataSize
                0x0000000010005398       0x48 /home/carmine/MaximSDK/Libraries/PeriphDrivers/bin/MAX78000/softfp/libPeriphDriver_softfp.a(uart_revb.o)
                0x0000000010005398                MXC_UART_RevB_SetDataSize
 .text.MXC_UART_RevB_SetStopBits
                0x00000000100053e0       0x4c /home/carmine/MaximSDK/Libraries/PeriphDrivers/bin/MAX78000/softfp/libPeriphDriver_softfp.a(uart_revb.o)
                0x00000000100053e0                MXC_UART_RevB_SetStopBits
 .text.MXC_UART_RevB_SetParity
                0x000000001000542c       0xb8 /home/carmine/MaximSDK/Libraries/PeriphDrivers/bin/MAX78000/softfp/libPeriphDriver_softfp.a(uart_revb.o)
                0x000000001000542c                MXC_UART_RevB_SetParity
 .text.MXC_UART_RevB_ReadCharacterRaw
                0x00000000100054e4       0x3c /home/carmine/MaximSDK/Libraries/PeriphDrivers/bin/MAX78000/softfp/libPeriphDriver_softfp.a(uart_revb.o)
                0x00000000100054e4                MXC_UART_RevB_ReadCharacterRaw
 .text.MXC_UART_RevB_WriteCharacterRaw
                0x0000000010005520       0x3c /home/carmine/MaximSDK/Libraries/PeriphDrivers/bin/MAX78000/softfp/libPeriphDriver_softfp.a(uart_revb.o)
                0x0000000010005520                MXC_UART_RevB_WriteCharacterRaw
 .text.MXC_UART_RevB_GetRXFIFOAvailable
                0x000000001000555c        0x8 /home/carmine/MaximSDK/Libraries/PeriphDrivers/bin/MAX78000/softfp/libPeriphDriver_softfp.a(uart_revb.o)
                0x000000001000555c                MXC_UART_RevB_GetRXFIFOAvailable
 .text.MXC_UART_RevB_GetTXFIFOAvailable
                0x0000000010005564        0xc /home/carmine/MaximSDK/Libraries/PeriphDrivers/bin/MAX78000/softfp/libPeriphDriver_softfp.a(uart_revb.o)
                0x0000000010005564                MXC_UART_RevB_GetTXFIFOAvailable
 .text.MXC_UART_RevB_SetRXThreshold
                0x0000000010005570       0x48 /home/carmine/MaximSDK/Libraries/PeriphDrivers/bin/MAX78000/softfp/libPeriphDriver_softfp.a(uart_revb.o)
                0x0000000010005570                MXC_UART_RevB_SetRXThreshold
 .text.MXC_GetLock
                0x00000000100055b8       0x1c /home/carmine/MaximSDK/Libraries/PeriphDrivers/bin/MAX78000/softfp/libPeriphDriver_softfp.a(mxc_lock.o)
                0x00000000100055b8                MXC_GetLock
 .text.MXC_FreeLock
                0x00000000100055d4        0xa /home/carmine/MaximSDK/Libraries/PeriphDrivers/bin/MAX78000/softfp/libPeriphDriver_softfp.a(mxc_lock.o)
                0x00000000100055d4                MXC_FreeLock
 *fill*         0x00000000100055de        0x2 
 .text.MXC_GPIO_Common_Init
                0x00000000100055e0       0x40 /home/carmine/MaximSDK/Libraries/PeriphDrivers/bin/MAX78000/softfp/libPeriphDriver_softfp.a(gpio_common.o)
                0x00000000100055e0                MXC_GPIO_Common_Init
 .text.MXC_GPIO_Common_Handler
                0x0000000010005620       0x90 /home/carmine/MaximSDK/Libraries/PeriphDrivers/bin/MAX78000/softfp/libPeriphDriver_softfp.a(gpio_common.o)
                0x0000000010005620                MXC_GPIO_Common_Handler
 .text.MXC_TMR_Common_TO_Stop
                0x00000000100056b0       0x12 /home/carmine/MaximSDK/Libraries/PeriphDrivers/bin/MAX78000/softfp/libPeriphDriver_softfp.a(tmr_common.o)
                0x00000000100056b0                MXC_TMR_Common_TO_Stop
 .text.MXC_TMR_Common_SW_Start
                0x00000000100056c2        0xc /home/carmine/MaximSDK/Libraries/PeriphDrivers/bin/MAX78000/softfp/libPeriphDriver_softfp.a(tmr_common.o)
                0x00000000100056c2                MXC_TMR_Common_SW_Start
 .text.MXC_TMR_Common_SW_Stop
                0x00000000100056ce       0x14 /home/carmine/MaximSDK/Libraries/PeriphDrivers/bin/MAX78000/softfp/libPeriphDriver_softfp.a(tmr_common.o)
                0x00000000100056ce                MXC_TMR_Common_SW_Stop
 *fill*         0x00000000100056e2        0x2 
 .text.MXC_TMR_Common_TO_Elapsed
                0x00000000100056e4       0x54 /home/carmine/MaximSDK/Libraries/PeriphDrivers/bin/MAX78000/softfp/libPeriphDriver_softfp.a(tmr_common.o)
                0x00000000100056e4                MXC_TMR_Common_TO_Elapsed
 .text.__errno  0x0000000010005738        0xc /home/carmine/MaximSDK/Tools/GNUTools/10.3/bin/../lib/gcc/arm-none-eabi/10.3.1/../../../../arm-none-eabi/lib/thumb/v7e-m+fp/softfp/libc.a(lib_a-errno.o)
                0x0000000010005738                __errno
 .text.__libc_init_array
                0x0000000010005744       0x48 /home/carmine/MaximSDK/Tools/GNUTools/10.3/bin/../lib/gcc/arm-none-eabi/10.3.1/../../../../arm-none-eabi/lib/thumb/v7e-m+fp/softfp/libc.a(lib_a-init.o)
                0x0000000010005744                __libc_init_array
 .text.malloc   0x000000001000578c       0x10 /home/carmine/MaximSDK/Tools/GNUTools/10.3/bin/../lib/gcc/arm-none-eabi/10.3.1/../../../../arm-none-eabi/lib/thumb/v7e-m+fp/softfp/libc.a(lib_a-malloc.o)
                0x000000001000578c                malloc
 .text.free     0x000000001000579c       0x10 /home/carmine/MaximSDK/Tools/GNUTools/10.3/bin/../lib/gcc/arm-none-eabi/10.3.1/../../../../arm-none-eabi/lib/thumb/v7e-m+fp/softfp/libc.a(lib_a-malloc.o)
                0x000000001000579c                free
 .text._malloc_r
                0x00000000100057ac      0x560 /home/carmine/MaximSDK/Tools/GNUTools/10.3/bin/../lib/gcc/arm-none-eabi/10.3.1/../../../../arm-none-eabi/lib/thumb/v7e-m+fp/softfp/libc.a(lib_a-mallocr.o)
                0x00000000100057ac                _malloc_r
 .text          0x0000000010005d0c      0x134 /home/carmine/MaximSDK/Tools/GNUTools/10.3/bin/../lib/gcc/arm-none-eabi/10.3.1/../../../../arm-none-eabi/lib/thumb/v7e-m+fp/softfp/libc.a(lib_a-memcpy.o)
                0x0000000010005d0c                memcpy
 .text.memset   0x0000000010005e40       0xa4 /home/carmine/MaximSDK/Tools/GNUTools/10.3/bin/../lib/gcc/arm-none-eabi/10.3.1/../../../../arm-none-eabi/lib/thumb/v7e-m+fp/softfp/libc.a(lib_a-memset.o)
                0x0000000010005e40                memset
 .text.__malloc_lock
                0x0000000010005ee4        0xc /home/carmine/MaximSDK/Tools/GNUTools/10.3/bin/../lib/gcc/arm-none-eabi/10.3.1/../../../../arm-none-eabi/lib/thumb/v7e-m+fp/softfp/libc.a(lib_a-mlock.o)
                0x0000000010005ee4                __malloc_lock
 .text.__malloc_unlock
                0x0000000010005ef0        0xc /home/carmine/MaximSDK/Tools/GNUTools/10.3/bin/../lib/gcc/arm-none-eabi/10.3.1/../../../../arm-none-eabi/lib/thumb/v7e-m+fp/softfp/libc.a(lib_a-mlock.o)
                0x0000000010005ef0                __malloc_unlock
 .text.printf   0x0000000010005efc       0x28 /home/carmine/MaximSDK/Tools/GNUTools/10.3/bin/../lib/gcc/arm-none-eabi/10.3.1/../../../../arm-none-eabi/lib/thumb/v7e-m+fp/softfp/libc.a(lib_a-printf.o)
                0x0000000010005efc                printf
 .text._puts_r  0x0000000010005f24       0x9c /home/carmine/MaximSDK/Tools/GNUTools/10.3/bin/../lib/gcc/arm-none-eabi/10.3.1/../../../../arm-none-eabi/lib/thumb/v7e-m+fp/softfp/libc.a(lib_a-puts.o)
                0x0000000010005f24                _puts_r
 .text.puts     0x0000000010005fc0       0x10 /home/carmine/MaximSDK/Tools/GNUTools/10.3/bin/../lib/gcc/arm-none-eabi/10.3.1/../../../../arm-none-eabi/lib/thumb/v7e-m+fp/softfp/libc.a(lib_a-puts.o)
                0x0000000010005fc0                puts
 .text._sbrk_r  0x0000000010005fd0       0x24 /home/carmine/MaximSDK/Tools/GNUTools/10.3/bin/../lib/gcc/arm-none-eabi/10.3.1/../../../../arm-none-eabi/lib/thumb/v7e-m+fp/softfp/libc.a(lib_a-sbrkr.o)
                0x0000000010005fd0                _sbrk_r
 .text.snprintf
                0x0000000010005ff4       0x88 /home/carmine/MaximSDK/Tools/GNUTools/10.3/bin/../lib/gcc/arm-none-eabi/10.3.1/../../../../arm-none-eabi/lib/thumb/v7e-m+fp/softfp/libc.a(lib_a-snprintf.o)
                0x0000000010005ff4                snprintf
 *fill*         0x000000001000607c        0x4 
 .text          0x0000000010006080       0xdc /home/carmine/MaximSDK/Tools/GNUTools/10.3/bin/../lib/gcc/arm-none-eabi/10.3.1/../../../../arm-none-eabi/lib/thumb/v7e-m+fp/softfp/libc.a(lib_a-strlen.o)
                0x0000000010006080                strlen
 *fill*         0x000000001000615c        0x4 
 .text._svfprintf_r
                0x0000000010006160     0x1ac8 /home/carmine/MaximSDK/Tools/GNUTools/10.3/bin/../lib/gcc/arm-none-eabi/10.3.1/../../../../arm-none-eabi/lib/thumb/v7e-m+fp/softfp/libc.a(lib_a-svfprintf.o)
                0x0000000010006160                _svfprintf_r
 .text._vfprintf_r
                0x0000000010007c28     0x1b8c /home/carmine/MaximSDK/Tools/GNUTools/10.3/bin/../lib/gcc/arm-none-eabi/10.3.1/../../../../arm-none-eabi/lib/thumb/v7e-m+fp/softfp/libc.a(lib_a-vfprintf.o)
                0x0000000010007c28                _vfprintf_r
 .text.__sbprintf
                0x00000000100097b4       0x80 /home/carmine/MaximSDK/Tools/GNUTools/10.3/bin/../lib/gcc/arm-none-eabi/10.3.1/../../../../arm-none-eabi/lib/thumb/v7e-m+fp/softfp/libc.a(lib_a-vfprintf.o)
 .text.__swsetup_r
                0x0000000010009834       0xd4 /home/carmine/MaximSDK/Tools/GNUTools/10.3/bin/../lib/gcc/arm-none-eabi/10.3.1/../../../../arm-none-eabi/lib/thumb/v7e-m+fp/softfp/libc.a(lib_a-wsetup.o)
                0x0000000010009834                __swsetup_r
 .text.startup.register_fini
                0x0000000010009908       0x14 /home/carmine/MaximSDK/Tools/GNUTools/10.3/bin/../lib/gcc/arm-none-eabi/10.3.1/../../../../arm-none-eabi/lib/thumb/v7e-m+fp/softfp/libc.a(lib_a-__call_atexit.o)
 .text.atexit   0x000000001000991c        0xc /home/carmine/MaximSDK/Tools/GNUTools/10.3/bin/../lib/gcc/arm-none-eabi/10.3.1/../../../../arm-none-eabi/lib/thumb/v7e-m+fp/softfp/libc.a(lib_a-atexit.o)
                0x000000001000991c                atexit
 .text.quorem   0x0000000010009928      0x128 /home/carmine/MaximSDK/Tools/GNUTools/10.3/bin/../lib/gcc/arm-none-eabi/10.3.1/../../../../arm-none-eabi/lib/thumb/v7e-m+fp/softfp/libc.a(lib_a-dtoa.o)
 .text._dtoa_r  0x0000000010009a50      0xf34 /home/carmine/MaximSDK/Tools/GNUTools/10.3/bin/../lib/gcc/arm-none-eabi/10.3.1/../../../../arm-none-eabi/lib/thumb/v7e-m+fp/softfp/libc.a(lib_a-dtoa.o)
                0x0000000010009a50                _dtoa_r
 .text.__sflush_r
                0x000000001000a984      0x130 /home/carmine/MaximSDK/Tools/GNUTools/10.3/bin/../lib/gcc/arm-none-eabi/10.3.1/../../../../arm-none-eabi/lib/thumb/v7e-m+fp/softfp/libc.a(lib_a-fflush.o)
                0x000000001000a984                __sflush_r
 .text._fflush_r
                0x000000001000aab4       0x5c /home/carmine/MaximSDK/Tools/GNUTools/10.3/bin/../lib/gcc/arm-none-eabi/10.3.1/../../../../arm-none-eabi/lib/thumb/v7e-m+fp/softfp/libc.a(lib_a-fflush.o)
                0x000000001000aab4                _fflush_r
 .text._cleanup_r
                0x000000001000ab10        0xc /home/carmine/MaximSDK/Tools/GNUTools/10.3/bin/../lib/gcc/arm-none-eabi/10.3.1/../../../../arm-none-eabi/lib/thumb/v7e-m+fp/softfp/libc.a(lib_a-findfp.o)
                0x000000001000ab10                _cleanup_r
 .text.__sinit  0x000000001000ab1c      0x10c /home/carmine/MaximSDK/Tools/GNUTools/10.3/bin/../lib/gcc/arm-none-eabi/10.3.1/../../../../arm-none-eabi/lib/thumb/v7e-m+fp/softfp/libc.a(lib_a-findfp.o)
                0x000000001000ab1c                __sinit
 .text.__sfp_lock_acquire
                0x000000001000ac28        0xc /home/carmine/MaximSDK/Tools/GNUTools/10.3/bin/../lib/gcc/arm-none-eabi/10.3.1/../../../../arm-none-eabi/lib/thumb/v7e-m+fp/softfp/libc.a(lib_a-findfp.o)
                0x000000001000ac28                __sfp_lock_acquire
 .text.__sfp_lock_release
                0x000000001000ac34        0xc /home/carmine/MaximSDK/Tools/GNUTools/10.3/bin/../lib/gcc/arm-none-eabi/10.3.1/../../../../arm-none-eabi/lib/thumb/v7e-m+fp/softfp/libc.a(lib_a-findfp.o)
                0x000000001000ac34                __sfp_lock_release
 .text.__libc_fini_array
                0x000000001000ac40       0x2c /home/carmine/MaximSDK/Tools/GNUTools/10.3/bin/../lib/gcc/arm-none-eabi/10.3.1/../../../../arm-none-eabi/lib/thumb/v7e-m+fp/softfp/libc.a(lib_a-fini.o)
                0x000000001000ac40                __libc_fini_array
 .text._malloc_trim_r
                0x000000001000ac6c       0xa0 /home/carmine/MaximSDK/Tools/GNUTools/10.3/bin/../lib/gcc/arm-none-eabi/10.3.1/../../../../arm-none-eabi/lib/thumb/v7e-m+fp/softfp/libc.a(lib_a-freer.o)
                0x000000001000ac6c                _malloc_trim_r
 .text._free_r  0x000000001000ad0c      0x20c /home/carmine/MaximSDK/Tools/GNUTools/10.3/bin/../lib/gcc/arm-none-eabi/10.3.1/../../../../arm-none-eabi/lib/thumb/v7e-m+fp/softfp/libc.a(lib_a-freer.o)
                0x000000001000ad0c                _free_r
 .text.__sfvwrite_r
                0x000000001000af18      0x2f0 /home/carmine/MaximSDK/Tools/GNUTools/10.3/bin/../lib/gcc/arm-none-eabi/10.3.1/../../../../arm-none-eabi/lib/thumb/v7e-m+fp/softfp/libc.a(lib_a-fvwrite.o)
                0x000000001000af18                __sfvwrite_r
 .text._fwalk_reent
                0x000000001000b208       0x48 /home/carmine/MaximSDK/Tools/GNUTools/10.3/bin/../lib/gcc/arm-none-eabi/10.3.1/../../../../arm-none-eabi/lib/thumb/v7e-m+fp/softfp/libc.a(lib_a-fwalk.o)
                0x000000001000b208                _fwalk_reent
 .text._localeconv_r
                0x000000001000b250        0x8 /home/carmine/MaximSDK/Tools/GNUTools/10.3/bin/../lib/gcc/arm-none-eabi/10.3.1/../../../../arm-none-eabi/lib/thumb/v7e-m+fp/softfp/libc.a(lib_a-localeconv.o)
                0x000000001000b250                _localeconv_r
 .text.__retarget_lock_init_recursive
                0x000000001000b258        0x4 /home/carmine/MaximSDK/Tools/GNUTools/10.3/bin/../lib/gcc/arm-none-eabi/10.3.1/../../../../arm-none-eabi/lib/thumb/v7e-m+fp/softfp/libc.a(lib_a-lock.o)
                0x000000001000b258                __retarget_lock_init_recursive
 .text.__retarget_lock_close_recursive
                0x000000001000b25c        0x4 /home/carmine/MaximSDK/Tools/GNUTools/10.3/bin/../lib/gcc/arm-none-eabi/10.3.1/../../../../arm-none-eabi/lib/thumb/v7e-m+fp/softfp/libc.a(lib_a-lock.o)
                0x000000001000b25c                __retarget_lock_close_recursive
 .text.__retarget_lock_acquire_recursive
                0x000000001000b260        0x4 /home/carmine/MaximSDK/Tools/GNUTools/10.3/bin/../lib/gcc/arm-none-eabi/10.3.1/../../../../arm-none-eabi/lib/thumb/v7e-m+fp/softfp/libc.a(lib_a-lock.o)
                0x000000001000b260                __retarget_lock_acquire_recursive
 .text.__retarget_lock_release_recursive
                0x000000001000b264        0x4 /home/carmine/MaximSDK/Tools/GNUTools/10.3/bin/../lib/gcc/arm-none-eabi/10.3.1/../../../../arm-none-eabi/lib/thumb/v7e-m+fp/softfp/libc.a(lib_a-lock.o)
                0x000000001000b264                __retarget_lock_release_recursive
 .text.__smakebuf_r
                0x000000001000b268       0xe0 /home/carmine/MaximSDK/Tools/GNUTools/10.3/bin/../lib/gcc/arm-none-eabi/10.3.1/../../../../arm-none-eabi/lib/thumb/v7e-m+fp/softfp/libc.a(lib_a-makebuf.o)
                0x000000001000b268                __smakebuf_r
 *fill*         0x000000001000b348        0x8 
 .text          0x000000001000b350       0xa0 /home/carmine/MaximSDK/Tools/GNUTools/10.3/bin/../lib/gcc/arm-none-eabi/10.3.1/../../../../arm-none-eabi/lib/thumb/v7e-m+fp/softfp/libc.a(lib_a-memchr.o)
                0x000000001000b350                memchr
 .text.memmove  0x000000001000b3f0       0xf8 /home/carmine/MaximSDK/Tools/GNUTools/10.3/bin/../lib/gcc/arm-none-eabi/10.3.1/../../../../arm-none-eabi/lib/thumb/v7e-m+fp/softfp/libc.a(lib_a-memmove.o)
                0x000000001000b3f0                memmove
 .text._Balloc  0x000000001000b4e8       0x4c /home/carmine/MaximSDK/Tools/GNUTools/10.3/bin/../lib/gcc/arm-none-eabi/10.3.1/../../../../arm-none-eabi/lib/thumb/v7e-m+fp/softfp/libc.a(lib_a-mprec.o)
                0x000000001000b4e8                _Balloc
 .text._Bfree   0x000000001000b534       0x14 /home/carmine/MaximSDK/Tools/GNUTools/10.3/bin/../lib/gcc/arm-none-eabi/10.3.1/../../../../arm-none-eabi/lib/thumb/v7e-m+fp/softfp/libc.a(lib_a-mprec.o)
                0x000000001000b534                _Bfree
 .text.__multadd
                0x000000001000b548       0xa8 /home/carmine/MaximSDK/Tools/GNUTools/10.3/bin/../lib/gcc/arm-none-eabi/10.3.1/../../../../arm-none-eabi/lib/thumb/v7e-m+fp/softfp/libc.a(lib_a-mprec.o)
                0x000000001000b548                __multadd
 .text.__hi0bits
                0x000000001000b5f0       0x40 /home/carmine/MaximSDK/Tools/GNUTools/10.3/bin/../lib/gcc/arm-none-eabi/10.3.1/../../../../arm-none-eabi/lib/thumb/v7e-m+fp/softfp/libc.a(lib_a-mprec.o)
                0x000000001000b5f0                __hi0bits
 .text.__lo0bits
                0x000000001000b630       0x60 /home/carmine/MaximSDK/Tools/GNUTools/10.3/bin/../lib/gcc/arm-none-eabi/10.3.1/../../../../arm-none-eabi/lib/thumb/v7e-m+fp/softfp/libc.a(lib_a-mprec.o)
                0x000000001000b630                __lo0bits
 .text.__i2b    0x000000001000b690       0x5c /home/carmine/MaximSDK/Tools/GNUTools/10.3/bin/../lib/gcc/arm-none-eabi/10.3.1/../../../../arm-none-eabi/lib/thumb/v7e-m+fp/softfp/libc.a(lib_a-mprec.o)
                0x000000001000b690                __i2b
 .text.__multiply
                0x000000001000b6ec      0x15c /home/carmine/MaximSDK/Tools/GNUTools/10.3/bin/../lib/gcc/arm-none-eabi/10.3.1/../../../../arm-none-eabi/lib/thumb/v7e-m+fp/softfp/libc.a(lib_a-mprec.o)
                0x000000001000b6ec                __multiply
 .text.__pow5mult
                0x000000001000b848       0xc0 /home/carmine/MaximSDK/Tools/GNUTools/10.3/bin/../lib/gcc/arm-none-eabi/10.3.1/../../../../arm-none-eabi/lib/thumb/v7e-m+fp/softfp/libc.a(lib_a-mprec.o)
                0x000000001000b848                __pow5mult
 .text.__lshift
                0x000000001000b908       0xf0 /home/carmine/MaximSDK/Tools/GNUTools/10.3/bin/../lib/gcc/arm-none-eabi/10.3.1/../../../../arm-none-eabi/lib/thumb/v7e-m+fp/softfp/libc.a(lib_a-mprec.o)
                0x000000001000b908                __lshift
 .text.__mcmp   0x000000001000b9f8       0x44 /home/carmine/MaximSDK/Tools/GNUTools/10.3/bin/../lib/gcc/arm-none-eabi/10.3.1/../../../../arm-none-eabi/lib/thumb/v7e-m+fp/softfp/libc.a(lib_a-mprec.o)
                0x000000001000b9f8                __mcmp
 .text.__mdiff  0x000000001000ba3c      0x14c /home/carmine/MaximSDK/Tools/GNUTools/10.3/bin/../lib/gcc/arm-none-eabi/10.3.1/../../../../arm-none-eabi/lib/thumb/v7e-m+fp/softfp/libc.a(lib_a-mprec.o)
                0x000000001000ba3c                __mdiff
 .text.__d2b    0x000000001000bb88       0xc4 /home/carmine/MaximSDK/Tools/GNUTools/10.3/bin/../lib/gcc/arm-none-eabi/10.3.1/../../../../arm-none-eabi/lib/thumb/v7e-m+fp/softfp/libc.a(lib_a-mprec.o)
                0x000000001000bb88                __d2b
 .text._realloc_r
                0x000000001000bc4c      0x3d8 /home/carmine/MaximSDK/Tools/GNUTools/10.3/bin/../lib/gcc/arm-none-eabi/10.3.1/../../../../arm-none-eabi/lib/thumb/v7e-m+fp/softfp/libc.a(lib_a-reallocr.o)
                0x000000001000bc4c                _realloc_r
 .text.frexp    0x000000001000c024       0x70 /home/carmine/MaximSDK/Tools/GNUTools/10.3/bin/../lib/gcc/arm-none-eabi/10.3.1/../../../../arm-none-eabi/lib/thumb/v7e-m+fp/softfp/libc.a(lib_a-s_frexp.o)
                0x000000001000c024                frexp
 .text.__sread  0x000000001000c094       0x24 /home/carmine/MaximSDK/Tools/GNUTools/10.3/bin/../lib/gcc/arm-none-eabi/10.3.1/../../../../arm-none-eabi/lib/thumb/v7e-m+fp/softfp/libc.a(lib_a-stdio.o)
                0x000000001000c094                __sread
 .text.__swrite
                0x000000001000c0b8       0x40 /home/carmine/MaximSDK/Tools/GNUTools/10.3/bin/../lib/gcc/arm-none-eabi/10.3.1/../../../../arm-none-eabi/lib/thumb/v7e-m+fp/softfp/libc.a(lib_a-stdio.o)
                0x000000001000c0b8                __swrite
 .text.__sseek  0x000000001000c0f8       0x20 /home/carmine/MaximSDK/Tools/GNUTools/10.3/bin/../lib/gcc/arm-none-eabi/10.3.1/../../../../arm-none-eabi/lib/thumb/v7e-m+fp/softfp/libc.a(lib_a-stdio.o)
                0x000000001000c0f8                __sseek
 .text.__sclose
                0x000000001000c118        0x8 /home/carmine/MaximSDK/Tools/GNUTools/10.3/bin/../lib/gcc/arm-none-eabi/10.3.1/../../../../arm-none-eabi/lib/thumb/v7e-m+fp/softfp/libc.a(lib_a-stdio.o)
                0x000000001000c118                __sclose
 .text.strncpy  0x000000001000c120       0x64 /home/carmine/MaximSDK/Tools/GNUTools/10.3/bin/../lib/gcc/arm-none-eabi/10.3.1/../../../../arm-none-eabi/lib/thumb/v7e-m+fp/softfp/libc.a(lib_a-strncpy.o)
                0x000000001000c120                strncpy
 .text.__ssprint_r
                0x000000001000c184       0xf8 /home/carmine/MaximSDK/Tools/GNUTools/10.3/bin/../lib/gcc/arm-none-eabi/10.3.1/../../../../arm-none-eabi/lib/thumb/v7e-m+fp/softfp/libc.a(lib_a-svfiprintf.o)
                0x000000001000c184                __ssprint_r
 .text.__sprint_r.part.0
                0x000000001000c27c       0x78 /home/carmine/MaximSDK/Tools/GNUTools/10.3/bin/../lib/gcc/arm-none-eabi/10.3.1/../../../../arm-none-eabi/lib/thumb/v7e-m+fp/softfp/libc.a(lib_a-vfiprintf.o)
 .text.__sprint_r
                0x000000001000c2f4       0x18 /home/carmine/MaximSDK/Tools/GNUTools/10.3/bin/../lib/gcc/arm-none-eabi/10.3.1/../../../../arm-none-eabi/lib/thumb/v7e-m+fp/softfp/libc.a(lib_a-vfiprintf.o)
                0x000000001000c2f4                __sprint_r
 .text._vfiprintf_r
                0x000000001000c30c      0xdfc /home/carmine/MaximSDK/Tools/GNUTools/10.3/bin/../lib/gcc/arm-none-eabi/10.3.1/../../../../arm-none-eabi/lib/thumb/v7e-m+fp/softfp/libc.a(lib_a-vfiprintf.o)
                0x000000001000c30c                _vfiprintf_r
 .text.__sbprintf
                0x000000001000d108       0x80 /home/carmine/MaximSDK/Tools/GNUTools/10.3/bin/../lib/gcc/arm-none-eabi/10.3.1/../../../../arm-none-eabi/lib/thumb/v7e-m+fp/softfp/libc.a(lib_a-vfiprintf.o)
 .text._write_r
                0x000000001000d188       0x2c /home/carmine/MaximSDK/Tools/GNUTools/10.3/bin/../lib/gcc/arm-none-eabi/10.3.1/../../../../arm-none-eabi/lib/thumb/v7e-m+fp/softfp/libc.a(lib_a-writer.o)
                0x000000001000d188                _write_r
 .text.__register_exitproc
                0x000000001000d1b4       0x8c /home/carmine/MaximSDK/Tools/GNUTools/10.3/bin/../lib/gcc/arm-none-eabi/10.3.1/../../../../arm-none-eabi/lib/thumb/v7e-m+fp/softfp/libc.a(lib_a-__atexit.o)
                0x000000001000d1b4                __register_exitproc
 .text.__assert_func
                0x000000001000d240       0x40 /home/carmine/MaximSDK/Tools/GNUTools/10.3/bin/../lib/gcc/arm-none-eabi/10.3.1/../../../../arm-none-eabi/lib/thumb/v7e-m+fp/softfp/libc.a(lib_a-assert.o)
                0x000000001000d240                __assert_func
 .text._calloc_r
                0x000000001000d280       0x78 /home/carmine/MaximSDK/Tools/GNUTools/10.3/bin/../lib/gcc/arm-none-eabi/10.3.1/../../../../arm-none-eabi/lib/thumb/v7e-m+fp/softfp/libc.a(lib_a-callocr.o)
                0x000000001000d280                _calloc_r
 .text._close_r
                0x000000001000d2f8       0x24 /home/carmine/MaximSDK/Tools/GNUTools/10.3/bin/../lib/gcc/arm-none-eabi/10.3.1/../../../../arm-none-eabi/lib/thumb/v7e-m+fp/softfp/libc.a(lib_a-closer.o)
                0x000000001000d2f8                _close_r
 .text._fclose_r
                0x000000001000d31c       0xcc /home/carmine/MaximSDK/Tools/GNUTools/10.3/bin/../lib/gcc/arm-none-eabi/10.3.1/../../../../arm-none-eabi/lib/thumb/v7e-m+fp/softfp/libc.a(lib_a-fclose.o)
                0x000000001000d31c                _fclose_r
 .text.fiprintf
                0x000000001000d3e8       0x28 /home/carmine/MaximSDK/Tools/GNUTools/10.3/bin/../lib/gcc/arm-none-eabi/10.3.1/../../../../arm-none-eabi/lib/thumb/v7e-m+fp/softfp/libc.a(lib_a-fiprintf.o)
                0x000000001000d3e8                fiprintf
 .text.__fputwc
                0x000000001000d410       0xa8 /home/carmine/MaximSDK/Tools/GNUTools/10.3/bin/../lib/gcc/arm-none-eabi/10.3.1/../../../../arm-none-eabi/lib/thumb/v7e-m+fp/softfp/libc.a(lib_a-fputwc.o)
                0x000000001000d410                __fputwc
 .text._fputwc_r
                0x000000001000d4b8       0x68 /home/carmine/MaximSDK/Tools/GNUTools/10.3/bin/../lib/gcc/arm-none-eabi/10.3.1/../../../../arm-none-eabi/lib/thumb/v7e-m+fp/softfp/libc.a(lib_a-fputwc.o)
                0x000000001000d4b8                _fputwc_r
 .text._fstat_r
                0x000000001000d520       0x2c /home/carmine/MaximSDK/Tools/GNUTools/10.3/bin/../lib/gcc/arm-none-eabi/10.3.1/../../../../arm-none-eabi/lib/thumb/v7e-m+fp/softfp/libc.a(lib_a-fstatr.o)
                0x000000001000d520                _fstat_r
 .text._isatty_r
                0x000000001000d54c       0x24 /home/carmine/MaximSDK/Tools/GNUTools/10.3/bin/../lib/gcc/arm-none-eabi/10.3.1/../../../../arm-none-eabi/lib/thumb/v7e-m+fp/softfp/libc.a(lib_a-isattyr.o)
                0x000000001000d54c                _isatty_r
 .text.__locale_mb_cur_max
                0x000000001000d570        0xc /home/carmine/MaximSDK/Tools/GNUTools/10.3/bin/../lib/gcc/arm-none-eabi/10.3.1/../../../../arm-none-eabi/lib/thumb/v7e-m+fp/softfp/libc.a(lib_a-locale.o)
                0x000000001000d570                __locale_mb_cur_max
 .text._lseek_r
                0x000000001000d57c       0x2c /home/carmine/MaximSDK/Tools/GNUTools/10.3/bin/../lib/gcc/arm-none-eabi/10.3.1/../../../../arm-none-eabi/lib/thumb/v7e-m+fp/softfp/libc.a(lib_a-lseekr.o)
                0x000000001000d57c                _lseek_r
 .text.__ascii_mbtowc
                0x000000001000d5a8       0x2c /home/carmine/MaximSDK/Tools/GNUTools/10.3/bin/../lib/gcc/arm-none-eabi/10.3.1/../../../../arm-none-eabi/lib/thumb/v7e-m+fp/softfp/libc.a(lib_a-mbtowc_r.o)
                0x000000001000d5a8                __ascii_mbtowc
 .text._read_r  0x000000001000d5d4       0x2c /home/carmine/MaximSDK/Tools/GNUTools/10.3/bin/../lib/gcc/arm-none-eabi/10.3.1/../../../../arm-none-eabi/lib/thumb/v7e-m+fp/softfp/libc.a(lib_a-readr.o)
                0x000000001000d5d4                _read_r
 .text.__swbuf_r
                0x000000001000d600       0xb0 /home/carmine/MaximSDK/Tools/GNUTools/10.3/bin/../lib/gcc/arm-none-eabi/10.3.1/../../../../arm-none-eabi/lib/thumb/v7e-m+fp/softfp/libc.a(lib_a-wbuf.o)
                0x000000001000d600                __swbuf_r
 .text._wcrtomb_r
                0x000000001000d6b0       0x3c /home/carmine/MaximSDK/Tools/GNUTools/10.3/bin/../lib/gcc/arm-none-eabi/10.3.1/../../../../arm-none-eabi/lib/thumb/v7e-m+fp/softfp/libc.a(lib_a-wcrtomb.o)
                0x000000001000d6b0                _wcrtomb_r
 .text.__ascii_wctomb
                0x000000001000d6ec       0x1c /home/carmine/MaximSDK/Tools/GNUTools/10.3/bin/../lib/gcc/arm-none-eabi/10.3.1/../../../../arm-none-eabi/lib/thumb/v7e-m+fp/softfp/libc.a(lib_a-wctomb_r.o)
                0x000000001000d6ec                __ascii_wctomb
 .text.abort    0x000000001000d708       0x10 /home/carmine/MaximSDK/Tools/GNUTools/10.3/bin/../lib/gcc/arm-none-eabi/10.3.1/../../../../arm-none-eabi/lib/thumb/v7e-m+fp/softfp/libc.a(lib_a-abort.o)
                0x000000001000d708                abort
 .text.raise    0x000000001000d718       0x5c /home/carmine/MaximSDK/Tools/GNUTools/10.3/bin/../lib/gcc/arm-none-eabi/10.3.1/../../../../arm-none-eabi/lib/thumb/v7e-m+fp/softfp/libc.a(lib_a-signal.o)
                0x000000001000d718                raise
 .text._kill_r  0x000000001000d774       0x2c /home/carmine/MaximSDK/Tools/GNUTools/10.3/bin/../lib/gcc/arm-none-eabi/10.3.1/../../../../arm-none-eabi/lib/thumb/v7e-m+fp/softfp/libc.a(lib_a-signalr.o)
                0x000000001000d774                _kill_r
 .text._getpid_r
                0x000000001000d7a0        0x4 /home/carmine/MaximSDK/Tools/GNUTools/10.3/bin/../lib/gcc/arm-none-eabi/10.3.1/../../../../arm-none-eabi/lib/thumb/v7e-m+fp/softfp/libc.a(lib_a-signalr.o)
                0x000000001000d7a0                _getpid_r
 .text._getpid  0x000000001000d7a4       0x10 /home/carmine/MaximSDK/Tools/GNUTools/10.3/bin/../lib/gcc/arm-none-eabi/10.3.1/../../../../arm-none-eabi/lib/thumb/v7e-m+fp/softfp/libnosys.a(getpid.o)
                0x000000001000d7a4                _getpid
 .text._kill    0x000000001000d7b4       0x10 /home/carmine/MaximSDK/Tools/GNUTools/10.3/bin/../lib/gcc/arm-none-eabi/10.3.1/../../../../arm-none-eabi/lib/thumb/v7e-m+fp/softfp/libnosys.a(kill.o)
                0x000000001000d7b4                _kill
 .text._exit    0x000000001000d7c4        0x4 /home/carmine/MaximSDK/Tools/GNUTools/10.3/bin/../lib/gcc/arm-none-eabi/10.3.1/../../../../arm-none-eabi/lib/thumb/v7e-m+fp/softfp/libnosys.a(_exit.o)
                0x000000001000d7c4                _exit
 .text          0x000000001000d7c8      0x378 /home/carmine/MaximSDK/Tools/GNUTools/10.3/bin/../lib/gcc/arm-none-eabi/10.3.1/thumb/v7e-m+fp/softfp/libgcc.a(_arm_addsubdf3.o)
                0x000000001000d7c8                __aeabi_drsub
                0x000000001000d7d0                __aeabi_dsub
                0x000000001000d7d0                __subdf3
                0x000000001000d7d4                __adddf3
                0x000000001000d7d4                __aeabi_dadd
                0x000000001000da4c                __aeabi_ui2d
                0x000000001000da4c                __floatunsidf
                0x000000001000da6c                __floatsidf
                0x000000001000da6c                __aeabi_i2d
                0x000000001000da90                __extendsfdf2
                0x000000001000da90                __aeabi_f2d
                0x000000001000dad4                __aeabi_ul2d
                0x000000001000dad4                __floatundidf
                0x000000001000dae4                __floatdidf
                0x000000001000dae4                __aeabi_l2d
 .text          0x000000001000db40      0x424 /home/carmine/MaximSDK/Tools/GNUTools/10.3/bin/../lib/gcc/arm-none-eabi/10.3.1/thumb/v7e-m+fp/softfp/libgcc.a(_arm_muldivdf3.o)
                0x000000001000db40                __aeabi_dmul
                0x000000001000db40                __muldf3
                0x000000001000dd94                __aeabi_ddiv
                0x000000001000dd94                __divdf3
 .text          0x000000001000df64      0x110 /home/carmine/MaximSDK/Tools/GNUTools/10.3/bin/../lib/gcc/arm-none-eabi/10.3.1/thumb/v7e-m+fp/softfp/libgcc.a(_arm_cmpdf2.o)
                0x000000001000df64                __gtdf2
                0x000000001000df64                __gedf2
                0x000000001000df6c                __ltdf2
                0x000000001000df6c                __ledf2
                0x000000001000df74                __cmpdf2
                0x000000001000df74                __eqdf2
                0x000000001000df74                __nedf2
                0x000000001000dff0                __aeabi_cdrcmple
                0x000000001000e000                __aeabi_cdcmple
                0x000000001000e000                __aeabi_cdcmpeq
                0x000000001000e010                __aeabi_dcmpeq
                0x000000001000e024                __aeabi_dcmplt
                0x000000001000e038                __aeabi_dcmple
                0x000000001000e04c                __aeabi_dcmpge
                0x000000001000e060                __aeabi_dcmpgt
 .text          0x000000001000e074       0x2c /home/carmine/MaximSDK/Tools/GNUTools/10.3/bin/../lib/gcc/arm-none-eabi/10.3.1/thumb/v7e-m+fp/softfp/libgcc.a(_arm_unorddf2.o)
                0x000000001000e074                __aeabi_dcmpun
                0x000000001000e074                __unorddf2
 .text          0x000000001000e0a0       0x50 /home/carmine/MaximSDK/Tools/GNUTools/10.3/bin/../lib/gcc/arm-none-eabi/10.3.1/thumb/v7e-m+fp/softfp/libgcc.a(_arm_fixdfsi.o)
                0x000000001000e0a0                __fixdfsi
                0x000000001000e0a0                __aeabi_d2iz
 .text          0x000000001000e0f0       0x30 /home/carmine/MaximSDK/Tools/GNUTools/10.3/bin/../lib/gcc/arm-none-eabi/10.3.1/thumb/v7e-m+fp/softfp/libgcc.a(_aeabi_uldivmod.o)
                0x000000001000e0f0                __aeabi_uldivmod
 .text          0x000000001000e120      0x2d0 /home/carmine/MaximSDK/Tools/GNUTools/10.3/bin/../lib/gcc/arm-none-eabi/10.3.1/thumb/v7e-m+fp/softfp/libgcc.a(_udivmoddi4.o)
                0x000000001000e120                __udivmoddi4
 .text          0x000000001000e3f0        0x4 /home/carmine/MaximSDK/Tools/GNUTools/10.3/bin/../lib/gcc/arm-none-eabi/10.3.1/thumb/v7e-m+fp/softfp/libgcc.a(_dvmd_tls.o)
                0x000000001000e3f0                __aeabi_ldiv0
                0x000000001000e3f0                __aeabi_idiv0
 *(.rodata*)
 .rodata.kernels_0
                0x000000001000e3f4      0xb04 /home/carmine/Downloads/People_Presence/People_Presence/People_Presence_Max78K/build/cnn.o
 .rodata.kernels_1
                0x000000001000eef8      0xb04 /home/carmine/Downloads/People_Presence/People_Presence/People_Presence_Max78K/build/cnn.o
 .rodata.kernels_10
                0x000000001000f9fc      0xb04 /home/carmine/Downloads/People_Presence/People_Presence/People_Presence_Max78K/build/cnn.o
 .rodata.kernels_11
                0x0000000010010500      0xb04 /home/carmine/Downloads/People_Presence/People_Presence/People_Presence_Max78K/build/cnn.o
 .rodata.kernels_12
                0x0000000010011004      0xb04 /home/carmine/Downloads/People_Presence/People_Presence/People_Presence_Max78K/build/cnn.o
 .rodata.kernels_13
                0x0000000010011b08      0xb04 /home/carmine/Downloads/People_Presence/People_Presence/People_Presence_Max78K/build/cnn.o
 .rodata.kernels_14
                0x000000001001260c      0xb04 /home/carmine/Downloads/People_Presence/People_Presence/People_Presence_Max78K/build/cnn.o
 .rodata.kernels_15
                0x0000000010013110      0xb04 /home/carmine/Downloads/People_Presence/People_Presence/People_Presence_Max78K/build/cnn.o
 .rodata.kernels_16
                0x0000000010013c14      0xb04 /home/carmine/Downloads/People_Presence/People_Presence/People_Presence_Max78K/build/cnn.o
 .rodata.kernels_17
                0x0000000010014718      0xb04 /home/carmine/Downloads/People_Presence/People_Presence/People_Presence_Max78K/build/cnn.o
 .rodata.kernels_18
                0x000000001001521c      0xb04 /home/carmine/Downloads/People_Presence/People_Presence/People_Presence_Max78K/build/cnn.o
 .rodata.kernels_19
                0x0000000010015d20      0xb04 /home/carmine/Downloads/People_Presence/People_Presence/People_Presence_Max78K/build/cnn.o
 .rodata.kernels_2
                0x0000000010016824      0xb04 /home/carmine/Downloads/People_Presence/People_Presence/People_Presence_Max78K/build/cnn.o
 .rodata.kernels_20
                0x0000000010017328      0x9e4 /home/carmine/Downloads/People_Presence/People_Presence/People_Presence_Max78K/build/cnn.o
 .rodata.kernels_21
                0x0000000010017d0c      0x9e4 /home/carmine/Downloads/People_Presence/People_Presence/People_Presence_Max78K/build/cnn.o
 .rodata.kernels_22
                0x00000000100186f0      0x9e4 /home/carmine/Downloads/People_Presence/People_Presence/People_Presence_Max78K/build/cnn.o
 .rodata.kernels_23
                0x00000000100190d4      0x9e4 /home/carmine/Downloads/People_Presence/People_Presence/People_Presence_Max78K/build/cnn.o
 .rodata.kernels_24
                0x0000000010019ab8      0x9e4 /home/carmine/Downloads/People_Presence/People_Presence/People_Presence_Max78K/build/cnn.o
 .rodata.kernels_25
                0x000000001001a49c      0x9e4 /home/carmine/Downloads/People_Presence/People_Presence/People_Presence_Max78K/build/cnn.o
 .rodata.kernels_26
                0x000000001001ae80      0x9e4 /home/carmine/Downloads/People_Presence/People_Presence/People_Presence_Max78K/build/cnn.o
 .rodata.kernels_27
                0x000000001001b864      0x9e4 /home/carmine/Downloads/People_Presence/People_Presence/People_Presence_Max78K/build/cnn.o
 .rodata.kernels_28
                0x000000001001c248      0x9e4 /home/carmine/Downloads/People_Presence/People_Presence/People_Presence_Max78K/build/cnn.o
 .rodata.kernels_29
                0x000000001001cc2c      0x9e4 /home/carmine/Downloads/People_Presence/People_Presence/People_Presence_Max78K/build/cnn.o